Archive member included to satisfy reference by file (symbol)

c:/st/stm32cubeide_1.11.0/stm32cubeide/plugins/com.st.stm32cube.ide.mcu.externaltools.gnu-tools-for-stm32.10.3-2021.10.win32_1.0.100.202210260954/tools/bin/../lib/gcc/arm-none-eabi/10.3.1/../../../../arm-none-eabi/lib/thumb/v7e-m+fp/hard\libc_nano.a(lib_a-errno.o)
                              ./Core/Src/syscalls.o (__errno)
c:/st/stm32cubeide_1.11.0/stm32cubeide/plugins/com.st.stm32cube.ide.mcu.externaltools.gnu-tools-for-stm32.10.3-2021.10.win32_1.0.100.202210260954/tools/bin/../lib/gcc/arm-none-eabi/10.3.1/../../../../arm-none-eabi/lib/thumb/v7e-m+fp/hard\libc_nano.a(lib_a-exit.o)
                              c:/st/stm32cubeide_1.11.0/stm32cubeide/plugins/com.st.stm32cube.ide.mcu.externaltools.gnu-tools-for-stm32.10.3-2021.10.win32_1.0.100.202210260954/tools/bin/../lib/gcc/arm-none-eabi/10.3.1/../../../../arm-none-eabi/lib/thumb/v7e-m+fp/hard/crt0.o (exit)
c:/st/stm32cubeide_1.11.0/stm32cubeide/plugins/com.st.stm32cube.ide.mcu.externaltools.gnu-tools-for-stm32.10.3-2021.10.win32_1.0.100.202210260954/tools/bin/../lib/gcc/arm-none-eabi/10.3.1/../../../../arm-none-eabi/lib/thumb/v7e-m+fp/hard\libc_nano.a(lib_a-impure.o)
                              c:/st/stm32cubeide_1.11.0/stm32cubeide/plugins/com.st.stm32cube.ide.mcu.externaltools.gnu-tools-for-stm32.10.3-2021.10.win32_1.0.100.202210260954/tools/bin/../lib/gcc/arm-none-eabi/10.3.1/../../../../arm-none-eabi/lib/thumb/v7e-m+fp/hard\libc_nano.a(lib_a-exit.o) (_global_impure_ptr)
c:/st/stm32cubeide_1.11.0/stm32cubeide/plugins/com.st.stm32cube.ide.mcu.externaltools.gnu-tools-for-stm32.10.3-2021.10.win32_1.0.100.202210260954/tools/bin/../lib/gcc/arm-none-eabi/10.3.1/../../../../arm-none-eabi/lib/thumb/v7e-m+fp/hard\libc_nano.a(lib_a-init.o)
                              c:/st/stm32cubeide_1.11.0/stm32cubeide/plugins/com.st.stm32cube.ide.mcu.externaltools.gnu-tools-for-stm32.10.3-2021.10.win32_1.0.100.202210260954/tools/bin/../lib/gcc/arm-none-eabi/10.3.1/../../../../arm-none-eabi/lib/thumb/v7e-m+fp/hard/crt0.o (__libc_init_array)
c:/st/stm32cubeide_1.11.0/stm32cubeide/plugins/com.st.stm32cube.ide.mcu.externaltools.gnu-tools-for-stm32.10.3-2021.10.win32_1.0.100.202210260954/tools/bin/../lib/gcc/arm-none-eabi/10.3.1/../../../../arm-none-eabi/lib/thumb/v7e-m+fp/hard\libc_nano.a(lib_a-itoa.o)
                              ./Core/Src/main.o (itoa)
c:/st/stm32cubeide_1.11.0/stm32cubeide/plugins/com.st.stm32cube.ide.mcu.externaltools.gnu-tools-for-stm32.10.3-2021.10.win32_1.0.100.202210260954/tools/bin/../lib/gcc/arm-none-eabi/10.3.1/../../../../arm-none-eabi/lib/thumb/v7e-m+fp/hard\libc_nano.a(lib_a-memcpy-stub.o)
                              ./FreeRTOS/queue.o (memcpy)
c:/st/stm32cubeide_1.11.0/stm32cubeide/plugins/com.st.stm32cube.ide.mcu.externaltools.gnu-tools-for-stm32.10.3-2021.10.win32_1.0.100.202210260954/tools/bin/../lib/gcc/arm-none-eabi/10.3.1/../../../../arm-none-eabi/lib/thumb/v7e-m+fp/hard\libc_nano.a(lib_a-memset.o)
                              c:/st/stm32cubeide_1.11.0/stm32cubeide/plugins/com.st.stm32cube.ide.mcu.externaltools.gnu-tools-for-stm32.10.3-2021.10.win32_1.0.100.202210260954/tools/bin/../lib/gcc/arm-none-eabi/10.3.1/../../../../arm-none-eabi/lib/thumb/v7e-m+fp/hard/crt0.o (memset)
c:/st/stm32cubeide_1.11.0/stm32cubeide/plugins/com.st.stm32cube.ide.mcu.externaltools.gnu-tools-for-stm32.10.3-2021.10.win32_1.0.100.202210260954/tools/bin/../lib/gcc/arm-none-eabi/10.3.1/../../../../arm-none-eabi/lib/thumb/v7e-m+fp/hard\libc_nano.a(lib_a-sprintf.o)
                              ./Core/Src/main.o (sprintf)
c:/st/stm32cubeide_1.11.0/stm32cubeide/plugins/com.st.stm32cube.ide.mcu.externaltools.gnu-tools-for-stm32.10.3-2021.10.win32_1.0.100.202210260954/tools/bin/../lib/gcc/arm-none-eabi/10.3.1/../../../../arm-none-eabi/lib/thumb/v7e-m+fp/hard\libc_nano.a(lib_a-strlen.o)
                              ./Core/Src/main.o (strlen)
c:/st/stm32cubeide_1.11.0/stm32cubeide/plugins/com.st.stm32cube.ide.mcu.externaltools.gnu-tools-for-stm32.10.3-2021.10.win32_1.0.100.202210260954/tools/bin/../lib/gcc/arm-none-eabi/10.3.1/../../../../arm-none-eabi/lib/thumb/v7e-m+fp/hard\libc_nano.a(lib_a-utoa.o)
                              c:/st/stm32cubeide_1.11.0/stm32cubeide/plugins/com.st.stm32cube.ide.mcu.externaltools.gnu-tools-for-stm32.10.3-2021.10.win32_1.0.100.202210260954/tools/bin/../lib/gcc/arm-none-eabi/10.3.1/../../../../arm-none-eabi/lib/thumb/v7e-m+fp/hard\libc_nano.a(lib_a-itoa.o) (__utoa)
c:/st/stm32cubeide_1.11.0/stm32cubeide/plugins/com.st.stm32cube.ide.mcu.externaltools.gnu-tools-for-stm32.10.3-2021.10.win32_1.0.100.202210260954/tools/bin/../lib/gcc/arm-none-eabi/10.3.1/../../../../arm-none-eabi/lib/thumb/v7e-m+fp/hard\libc_nano.a(lib_a-nano-svfprintf.o)
[...]
Memory Configuration

Name             Origin             Length             Attributes
CCMRAM           0x0000000010000000 0x0000000000010000 xrw
RAM              0x0000000020000000 0x0000000000020000 xrw
FLASH            0x0000000008000000 0x0000000000100000 xr
*default*        0x0000000000000000 0xffffffffffffffff

Linker script and memory map

LOAD c:/st/stm32cubeide_1.11.0/stm32cubeide/plugins/com.st.stm32cube.ide.mcu.externaltools.gnu-tools-for-stm32.10.3-2021.10.win32_1.0.100.202210260954/tools/bin/../lib/gcc/arm-none-eabi/10.3.1/thumb/v7e-m+fp/hard/crti.o
LOAD c:/st/stm32cubeide_1.11.0/stm32cubeide/plugins/com.st.stm32cube.ide.mcu.externaltools.gnu-tools-for-stm32.10.3-2021.10.win32_1.0.100.202210260954/tools/bin/../lib/gcc/arm-none-eabi/10.3.1/thumb/v7e-m+fp/hard/crtbegin.o
LOAD c:/st/stm32cubeide_1.11.0/stm32cubeide/plugins/com.st.stm32cube.ide.mcu.externaltools.gnu-tools-for-stm32.10.3-2021.10.win32_1.0.100.202210260954/tools/bin/../lib/gcc/arm-none-eabi/10.3.1/../../../../arm-none-eabi/lib/thumb/v7e-m+fp/hard/crt0.o
LOAD ./Core/Src/main.o
LOAD ./Core/Src/stm32f4xx_hal_msp.o
LOAD ./Core/Src/stm32f4xx_hal_timebase_tim.o
LOAD ./Core/Src/stm32f4xx_it.o
LOAD ./Core/Src/syscalls.o
LOAD ./Core/Src/sysmem.o
LOAD ./Core/Src/system_stm32f4xx.o
LOAD ./Core/Startup/startup_stm32f407vgtx.o
LOAD ./Drivers/STM32F4xx_HAL_Driver/Src/stm32f4xx_hal.o
LOAD ./Drivers/STM32F4xx_HAL_Driver/Src/stm32f4xx_hal_cortex.o
LOAD ./Drivers/STM32F4xx_HAL_Driver/Src/stm32f4xx_hal_dma.o
LOAD ./Drivers/STM32F4xx_HAL_Driver/Src/stm32f4xx_hal_dma_ex.o
LOAD ./Drivers/STM32F4xx_HAL_Driver/Src/stm32f4xx_hal_exti.o
LOAD ./Drivers/STM32F4xx_HAL_Driver/Src/stm32f4xx_hal_flash.o
LOAD ./Drivers/STM32F4xx_HAL_Driver/Src/stm32f4xx_hal_flash_ex.o
LOAD ./Drivers/STM32F4xx_HAL_Driver/Src/stm32f4xx_hal_flash_ramfunc.o
LOAD ./Drivers/STM32F4xx_HAL_Driver/Src/stm32f4xx_hal_gpio.o
LOAD ./Drivers/STM32F4xx_HAL_Driver/Src/stm32f4xx_hal_pwr.o
LOAD ./Drivers/STM32F4xx_HAL_Driver/Src/stm32f4xx_hal_pwr_ex.o
LOAD ./Drivers/STM32F4xx_HAL_Driver/Src/stm32f4xx_hal_rcc.o
LOAD ./Drivers/STM32F4xx_HAL_Driver/Src/stm32f4xx_hal_rcc_ex.o
LOAD ./Drivers/STM32F4xx_HAL_Driver/Src/stm32f4xx_hal_tim.o
LOAD ./Drivers/STM32F4xx_HAL_Driver/Src/stm32f4xx_hal_tim_ex.o
LOAD ./Drivers/STM32F4xx_HAL_Driver/Src/stm32f4xx_hal_uart.o
LOAD ./FreeRTOS/croutine.o
LOAD ./FreeRTOS/event_groups.o
LOAD ./FreeRTOS/list.o
LOAD ./FreeRTOS/queue.o
LOAD ./FreeRTOS/stream_buffer.o
LOAD ./FreeRTOS/tasks.o
LOAD ./FreeRTOS/timers.o
LOAD ./FreeRTOS/portable/ARM_CM4F/port.o
LOAD ./FreeRTOS/portable/MemMang/heap_4.o
START GROUP
LOAD c:/st/stm32cubeide_1.11.0/stm32cubeide/plugins/com.st.stm32cube.ide.mcu.externaltools.gnu-tools-for-stm32.10.3-2021.10.win32_1.0.100.202210260954/tools/bin/../lib/gcc/arm-none-eabi/10.3.1/../../../../arm-none-eabi/lib/thumb/v7e-m+fp/hard\libc_nano.a
LOAD c:/st/stm32cubeide_1.11.0/stm32cubeide/plugins/com.st.stm32cube.ide.mcu.externaltools.gnu-tools-for-stm32.10.3-2021.10.win32_1.0.100.202210260954/tools/bin/../lib/gcc/arm-none-eabi/10.3.1/../../../../arm-none-eabi/lib/thumb/v7e-m+fp/hard\libm.a
END GROUP
START GROUP
LOAD c:/st/stm32cubeide_1.11.0/stm32cubeide/plugins/com.st.stm32cube.ide.mcu.externaltools.gnu-tools-for-stm32.10.3-2021.10.win32_1.0.100.202210260954/tools/bin/../lib/gcc/arm-none-eabi/10.3.1/thumb/v7e-m+fp/hard\libgcc.a
LOAD c:/st/stm32cubeide_1.11.0/stm32cubeide/plugins/com.st.stm32cube.ide.mcu.externaltools.gnu-tools-for-stm32.10.3-2021.10.win32_1.0.100.202210260954/tools/bin/../lib/gcc/arm-none-eabi/10.3.1/../../../../arm-none-eabi/lib/thumb/v7e-m+fp/hard\libc_nano.a
END GROUP
START GROUP
LOAD c:/st/stm32cubeide_1.11.0/stm32cubeide/plugins/com.st.stm32cube.ide.mcu.externaltools.gnu-tools-for-stm32.10.3-2021.10.win32_1.0.100.202210260954/tools/bin/../lib/gcc/arm-none-eabi/10.3.1/thumb/v7e-m+fp/hard\libgcc.a
LOAD c:/st/stm32cubeide_1.11.0/stm32cubeide/plugins/com.st.stm32cube.ide.mcu.externaltools.gnu-tools-for-stm32.10.3-2021.10.win32_1.0.100.202210260954/tools/bin/../lib/gcc/arm-none-eabi/10.3.1/../../../../arm-none-eabi/lib/thumb/v7e-m+fp/hard\libc_nano.a
LOAD c:/st/stm32cubeide_1.11.0/stm32cubeide/plugins/com.st.stm32cube.ide.mcu.externaltools.gnu-tools-for-stm32.10.3-2021.10.win32_1.0.100.202210260954/tools/bin/../lib/gcc/arm-none-eabi/10.3.1/../../../../arm-none-eabi/lib/thumb/v7e-m+fp/hard\libnosys.a
END GROUP
START GROUP
LOAD c:/st/stm32cubeide_1.11.0/stm32cubeide/plugins/com.st.stm32cube.ide.mcu.externaltools.gnu-tools-for-stm32.10.3-2021.10.win32_1.0.100.202210260954/tools/bin/../lib/gcc/arm-none-eabi/10.3.1/thumb/v7e-m+fp/hard\libgcc.a
LOAD c:/st/stm32cubeide_1.11.0/stm32cubeide/plugins/com.st.stm32cube.ide.mcu.externaltools.gnu-tools-for-stm32.10.3-2021.10.win32_1.0.100.202210260954/tools/bin/../lib/gcc/arm-none-eabi/10.3.1/../../../../arm-none-eabi/lib/thumb/v7e-m+fp/hard\libc_nano.a
LOAD c:/st/stm32cubeide_1.11.0/stm32cubeide/plugins/com.st.stm32cube.ide.mcu.externaltools.gnu-tools-for-stm32.10.3-2021.10.win32_1.0.100.202210260954/tools/bin/../lib/gcc/arm-none-eabi/10.3.1/../../../../arm-none-eabi/lib/thumb/v7e-m+fp/hard\libnosys.a
END GROUP
LOAD c:/st/stm32cubeide_1.11.0/stm32cubeide/plugins/com.st.stm32cube.ide.mcu.externaltools.gnu-tools-for-stm32.10.3-2021.10.win32_1.0.100.202210260954/tools/bin/../lib/gcc/arm-none-eabi/10.3.1/thumb/v7e-m+fp/hard/crtend.o
LOAD c:/st/stm32cubeide_1.11.0/stm32cubeide/plugins/com.st.stm32cube.ide.mcu.externaltools.gnu-tools-for-stm32.10.3-2021.10.win32_1.0.100.202210260954/tools/bin/../lib/gcc/arm-none-eabi/10.3.1/thumb/v7e-m+fp/hard/crtn.o
                0x0000000020020000                _estack = (ORIGIN (RAM) + LENGTH (RAM))
                0x0000000000000200                _Min_Heap_Size = 0x200
                0x0000000000000400                _Min_Stack_Size = 0x400

.isr_vector     0x0000000008000000      0x188
                0x0000000008000000                . = ALIGN (0x4)
 *(.isr_vector)
 .isr_vector    0x0000000008000000      0x188 ./Core/Startup/startup_stm32f407vgtx.o
                0x0000000008000000                g_pfnVectors
                0x0000000008000188                . = ALIGN (0x4)

.text           0x0000000008000190     0x61e4
                0x0000000008000190                . = ALIGN (0x4)
 *(.text)
 .text          0x0000000008000190       0x40 c:/st/stm32cubeide_1.11.0/stm32cubeide/plugins/com.st.stm32cube.ide.mcu.externaltools.gnu-tools-for-stm32.10.3-2021.10.win32_1.0.100.202210260954/tools/bin/../lib/gcc/arm-none-eabi/10.3.1/thumb/v7e-m+fp/hard/crtbegin.o
 .text          0x00000000080001d0       0x10 c:/st/stm32cubeide_1.11.0/stm32cubeide/plugins/com.st.stm32cube.ide.mcu.externaltools.gnu-tools-for-stm32.10.3-2021.10.win32_1.0.100.202210260954/tools/bin/../lib/gcc/arm-none-eabi/10.3.1/../../../../arm-none-eabi/lib/thumb/v7e-m+fp/hard\libc_nano.a(lib_a-strlen.o)
                0x00000000080001d0                strlen
 .text          0x00000000080001e0       0xa0 c:/st/stm32cubeide_1.11.0/stm32cubeide/plugins/com.st.stm32cube.ide.mcu.externaltools.gnu-tools-for-stm32.10.3-2021.10.win32_1.0.100.202210260954/tools/bin/../lib/gcc/arm-none-eabi/10.3.1/../../../../arm-none-eabi/lib/thumb/v7e-m+fp/hard\libc_nano.a(lib_a-memchr.o)
                0x00000000080001e0                memchr
 .text          0x0000000008000280       0x30 c:/st/stm32cubeide_1.11.0/stm32cubeide/plugins/com.st.stm32cube.ide.mcu.externaltools.gnu-tools-for-stm32.10.3-2021.10.win32_1.0.100.202210260954/tools/bin/../lib/gcc/arm-none-eabi/10.3.1/thumb/v7e-m+fp/hard\libgcc.a(_aeabi_uldivmod.o)
                0x0000000008000280                __aeabi_uldivmod
 .text          0x00000000080002b0      0x2d0 c:/st/stm32cubeide_1.11.0/stm32cubeide/plugins/com.st.stm32cube.ide.mcu.externaltools.gnu-tools-for-stm32.10.3-2021.10.win32_1.0.100.202210260954/tools/bin/../lib/gcc/arm-none-eabi/10.3.1/thumb/v7e-m+fp/hard\libgcc.a(_udivmoddi4.o)
                0x00000000080002b0                __udivmoddi4
 .text          0x0000000008000580        0x4 c:/st/stm32cubeide_1.11.0/stm32cubeide/plugins/com.st.stm32cube.ide.mcu.externaltools.gnu-tools-for-stm32.10.3-2021.10.win32_1.0.100.202210260954/tools/bin/../lib/gcc/arm-none-eabi/10.3.1/thumb/v7e-m+fp/hard\libgcc.a(_dvmd_tls.o)
                0x0000000008000580                __aeabi_idiv0
                0x0000000008000580                __aeabi_ldiv0
 *(.text*)
 .text.main     0x0000000008000584       0x50 ./Core/Src/main.o
                0x0000000008000584                main
 .text.SystemClock_Config
                0x00000000080005d4       0xd4 ./Core/Src/main.o
                0x00000000080005d4                SystemClock_Config
 .text.MX_USART2_UART_Init
                0x00000000080006a8       0x54 ./Core/Src/main.o
 .text.MX_GPIO_Init
                0x00000000080006fc      0x2c8 ./Core/Src/main.o
 .text.EXTI0_IRQHandler
                0x00000000080009c4       0x24 ./Core/Src/main.o
                0x00000000080009c4                EXTI0_IRQHandler
 .text.EXTI1_IRQHandler
                0x00000000080009e8       0x24 ./Core/Src/main.o
                0x00000000080009e8                EXTI1_IRQHandler
 .text.EXTI2_IRQHandler
                0x0000000008000a0c       0x24 ./Core/Src/main.o
                0x0000000008000a0c                EXTI2_IRQHandler
 .text.EXTI3_IRQHandler
                0x0000000008000a30       0x24 ./Core/Src/main.o
                0x0000000008000a30                EXTI3_IRQHandler
 .text.HAL_GPIO_EXTI_IRQHandler
                0x0000000008000a54       0x30 ./Core/Src/main.o
                0x0000000008000a54                HAL_GPIO_EXTI_IRQHandler
 .text.HAL_GPIO_EXTI_Callback
                0x0000000008000a84       0xb8 ./Core/Src/main.o
                0x0000000008000a84                HAL_GPIO_EXTI_Callback
 .text.LED_task
                0x0000000008000b3c      0x394 ./Core/Src/main.o
                0x0000000008000b3c                LED_task
 .text.HAL_TIM_PeriodElapsedCallback
                0x0000000008000ed0       0x24 ./Core/Src/main.o
                0x0000000008000ed0                HAL_TIM_PeriodElapsedCallback
 .text.Error_Handler
                0x0000000008000ef4        0xa ./Core/Src/main.o
                0x0000000008000ef4                Error_Handler
 *fill*         0x0000000008000efe        0x2 
 .text.HAL_MspInit
                0x0000000008000f00       0x50 ./Core/Src/stm32f4xx_hal_msp.o
                0x0000000008000f00                HAL_MspInit
 .text.HAL_UART_MspInit
                0x0000000008000f50       0x90 ./Core/Src/stm32f4xx_hal_msp.o
                0x0000000008000f50                HAL_UART_MspInit
 .text.HAL_InitTick
                0x0000000008000fe0       0xf8 ./Core/Src/stm32f4xx_hal_timebase_tim.o
                0x0000000008000fe0                HAL_InitTick
 .text.NMI_Handler
                0x00000000080010d8        0x6 ./Core/Src/stm32f4xx_it.o
                0x00000000080010d8                NMI_Handler
 .text.HardFault_Handler
                0x00000000080010de        0x6 ./Core/Src/stm32f4xx_it.o
                0x00000000080010de                HardFault_Handler
 .text.MemManage_Handler
                0x00000000080010e4        0x6 ./Core/Src/stm32f4xx_it.o
                0x00000000080010e4                MemManage_Handler
 .text.BusFault_Handler
                0x00000000080010ea        0x6 ./Core/Src/stm32f4xx_it.o
                0x00000000080010ea                BusFault_Handler
 .text.UsageFault_Handler
                0x00000000080010f0        0x6 ./Core/Src/stm32f4xx_it.o
                0x00000000080010f0                UsageFault_Handler
 .text.DebugMon_Handler
                0x00000000080010f6        0xe ./Core/Src/stm32f4xx_it.o
                0x00000000080010f6                DebugMon_Handler
 .text.TIM7_IRQHandler
                0x0000000008001104       0x14 ./Core/Src/stm32f4xx_it.o
                0x0000000008001104                TIM7_IRQHandler
 .text._sbrk    0x0000000008001118       0x6c ./Core/Src/sysmem.o
                0x0000000008001118                _sbrk
 .text.SystemInit
                0x0000000008001184       0x24 ./Core/Src/system_stm32f4xx.o
                0x0000000008001184                SystemInit
 .text.Reset_Handler
                0x00000000080011a8       0x50 ./Core/Startup/startup_stm32f407vgtx.o
                0x00000000080011a8                Reset_Handler
 .text.Default_Handler
                0x00000000080011f8        0x2 ./Core/Startup/startup_stm32f407vgtx.o
                0x00000000080011f8                RTC_Alarm_IRQHandler
                0x00000000080011f8                HASH_RNG_IRQHandler
                0x00000000080011f8                TIM8_CC_IRQHandler
                0x00000000080011f8                TIM1_CC_IRQHandler
                0x00000000080011f8                DMA2_Stream5_IRQHandler
                0x00000000080011f8                DMA1_Stream5_IRQHandler
                0x00000000080011f8                PVD_IRQHandler
                0x00000000080011f8                SDIO_IRQHandler
                0x00000000080011f8                TAMP_STAMP_IRQHandler
                0x00000000080011f8                CAN2_RX1_IRQHandler
                0x00000000080011f8                TIM8_TRG_COM_TIM14_IRQHandler
                0x00000000080011f8                TIM1_UP_TIM10_IRQHandler
                0x00000000080011f8                TIM8_UP_TIM13_IRQHandler
                0x00000000080011f8                I2C3_ER_IRQHandler
                0x00000000080011f8                I2C2_EV_IRQHandler
                0x00000000080011f8                DMA1_Stream2_IRQHandler
                0x00000000080011f8                CAN1_RX0_IRQHandler
                0x00000000080011f8                FPU_IRQHandler
                0x00000000080011f8                OTG_HS_WKUP_IRQHandler
                0x00000000080011f8                CAN2_SCE_IRQHandler
                0x00000000080011f8                DMA2_Stream2_IRQHandler
                0x00000000080011f8                SPI1_IRQHandler
                0x00000000080011f8                TIM6_DAC_IRQHandler
                0x00000000080011f8                TIM1_BRK_TIM9_IRQHandler
                0x00000000080011f8                DCMI_IRQHandler
                0x00000000080011f8                CAN2_RX0_IRQHandler
                0x00000000080011f8                DMA2_Stream3_IRQHandler
                0x00000000080011f8                USART6_IRQHandler
                0x00000000080011f8                USART3_IRQHandler
                0x00000000080011f8                CAN1_RX1_IRQHandler
                0x00000000080011f8                UART5_IRQHandler
                0x00000000080011f8                DMA2_Stream0_IRQHandler
                0x00000000080011f8                TIM4_IRQHandler
                0x00000000080011f8                I2C1_EV_IRQHandler
                0x00000000080011f8                DMA1_Stream6_IRQHandler
                0x00000000080011f8                DMA1_Stream1_IRQHandler
                0x00000000080011f8                UART4_IRQHandler
                0x00000000080011f8                TIM3_IRQHandler
                0x00000000080011f8                RCC_IRQHandler
                0x00000000080011f8                TIM8_BRK_TIM12_IRQHandler
                0x00000000080011f8                Default_Handler
                0x00000000080011f8                EXTI15_10_IRQHandler
                0x00000000080011f8                ADC_IRQHandler
                0x00000000080011f8                DMA1_Stream7_IRQHandler
                0x00000000080011f8                CAN2_TX_IRQHandler
                0x00000000080011f8                TIM5_IRQHandler
                0x00000000080011f8                DMA2_Stream7_IRQHandler
                0x00000000080011f8                I2C3_EV_IRQHandler
                0x00000000080011f8                EXTI9_5_IRQHandler
                0x00000000080011f8                RTC_WKUP_IRQHandler
                0x00000000080011f8                ETH_WKUP_IRQHandler
                0x00000000080011f8                SPI2_IRQHandler
                0x00000000080011f8                OTG_HS_EP1_IN_IRQHandler
                0x00000000080011f8                DMA1_Stream0_IRQHandler
                0x00000000080011f8                CAN1_TX_IRQHandler
                0x00000000080011f8                EXTI4_IRQHandler
                0x00000000080011f8                FSMC_IRQHandler
                0x00000000080011f8                ETH_IRQHandler
                0x00000000080011f8                OTG_HS_EP1_OUT_IRQHandler
                0x00000000080011f8                WWDG_IRQHandler
                0x00000000080011f8                TIM2_IRQHandler
                0x00000000080011f8                OTG_FS_WKUP_IRQHandler
                0x00000000080011f8                TIM1_TRG_COM_TIM11_IRQHandler
                0x00000000080011f8                OTG_HS_IRQHandler
                0x00000000080011f8                USART2_IRQHandler
                0x00000000080011f8                I2C2_ER_IRQHandler
                0x00000000080011f8                DMA2_Stream1_IRQHandler
                0x00000000080011f8                CAN1_SCE_IRQHandler
                0x00000000080011f8                FLASH_IRQHandler
                0x00000000080011f8                DMA2_Stream4_IRQHandler
                0x00000000080011f8                USART1_IRQHandler
                0x00000000080011f8                OTG_FS_IRQHandler
                0x00000000080011f8                SPI3_IRQHandler
                0x00000000080011f8                DMA1_Stream4_IRQHandler
                0x00000000080011f8                I2C1_ER_IRQHandler
                0x00000000080011f8                DMA2_Stream6_IRQHandler
                0x00000000080011f8                DMA1_Stream3_IRQHandler
 *fill*         0x00000000080011fa        0x2 
 .text.HAL_Init
                0x00000000080011fc       0x44 ./Drivers/STM32F4xx_HAL_Driver/Src/stm32f4xx_hal.o
                0x00000000080011fc                HAL_Init
 .text.HAL_IncTick
                0x0000000008001240       0x28 ./Drivers/STM32F4xx_HAL_Driver/Src/stm32f4xx_hal.o
                0x0000000008001240                HAL_IncTick
 .text.HAL_GetTick
                0x0000000008001268       0x18 ./Drivers/STM32F4xx_HAL_Driver/Src/stm32f4xx_hal.o
                0x0000000008001268                HAL_GetTick
 .text.__NVIC_SetPriorityGrouping
                0x0000000008001280       0x48 ./Drivers/STM32F4xx_HAL_Driver/Src/stm32f4xx_hal_cortex.o
 .text.__NVIC_GetPriorityGrouping
                0x00000000080012c8       0x1c ./Drivers/STM32F4xx_HAL_Driver/Src/stm32f4xx_hal_cortex.o
 .text.__NVIC_EnableIRQ
                0x00000000080012e4       0x3c ./Drivers/STM32F4xx_HAL_Driver/Src/stm32f4xx_hal_cortex.o
 .text.__NVIC_SetPriority
                0x0000000008001320       0x54 ./Drivers/STM32F4xx_HAL_Driver/Src/stm32f4xx_hal_cortex.o
 .text.NVIC_EncodePriority
                0x0000000008001374       0x66 ./Drivers/STM32F4xx_HAL_Driver/Src/stm32f4xx_hal_cortex.o
 .text.HAL_NVIC_SetPriorityGrouping
                0x00000000080013da       0x16 ./Drivers/STM32F4xx_HAL_Driver/Src/stm32f4xx_hal_cortex.o
                0x00000000080013da                HAL_NVIC_SetPriorityGrouping
 .text.HAL_NVIC_SetPriority
                0x00000000080013f0       0x38 ./Drivers/STM32F4xx_HAL_Driver/Src/stm32f4xx_hal_cortex.o
                0x00000000080013f0                HAL_NVIC_SetPriority
 .text.HAL_NVIC_EnableIRQ
                0x0000000008001428       0x1c ./Drivers/STM32F4xx_HAL_Driver/Src/stm32f4xx_hal_cortex.o
                0x0000000008001428                HAL_NVIC_EnableIRQ
 .text.HAL_GPIO_Init
                0x0000000008001444      0x338 ./Drivers/STM32F4xx_HAL_Driver/Src/stm32f4xx_hal_gpio.o
                0x0000000008001444                HAL_GPIO_Init
 .text.HAL_GPIO_WritePin
                0x000000000800177c       0x32 ./Drivers/STM32F4xx_HAL_Driver/Src/stm32f4xx_hal_gpio.o
                0x000000000800177c                HAL_GPIO_WritePin
 *fill*         0x00000000080017ae        0x2 
 .text.HAL_RCC_OscConfig
                0x00000000080017b0      0x4f0 ./Drivers/STM32F4xx_HAL_Driver/Src/stm32f4xx_hal_rcc.o
                0x00000000080017b0                HAL_RCC_OscConfig
 .text.HAL_RCC_ClockConfig
                0x0000000008001ca0      0x1cc ./Drivers/STM32F4xx_HAL_Driver/Src/stm32f4xx_hal_rcc.o
                0x0000000008001ca0                HAL_RCC_ClockConfig
 .text.HAL_RCC_GetSysClockFreq
                0x0000000008001e6c      0x20c ./Drivers/STM32F4xx_HAL_Driver/Src/stm32f4xx_hal_rcc.o
                0x0000000008001e6c                HAL_RCC_GetSysClockFreq
 .text.HAL_RCC_GetHCLKFreq
                0x0000000008002078       0x18 ./Drivers/STM32F4xx_HAL_Driver/Src/stm32f4xx_hal_rcc.o
                0x0000000008002078                HAL_RCC_GetHCLKFreq
 .text.HAL_RCC_GetPCLK1Freq
                0x0000000008002090       0x28 ./Drivers/STM32F4xx_HAL_Driver/Src/stm32f4xx_hal_rcc.o
                0x0000000008002090                HAL_RCC_GetPCLK1Freq
 .text.HAL_RCC_GetPCLK2Freq
                0x00000000080020b8       0x28 ./Drivers/STM32F4xx_HAL_Driver/Src/stm32f4xx_hal_rcc.o
                0x00000000080020b8                HAL_RCC_GetPCLK2Freq
 .text.HAL_RCC_GetClockConfig
                0x00000000080020e0       0x64 ./Drivers/STM32F4xx_HAL_Driver/Src/stm32f4xx_hal_rcc.o
                0x00000000080020e0                HAL_RCC_GetClockConfig
 .text.HAL_TIM_Base_Init
                0x0000000008002144       0x9e ./Drivers/STM32F4xx_HAL_Driver/Src/stm32f4xx_hal_tim.o
                0x0000000008002144                HAL_TIM_Base_Init
 .text.HAL_TIM_Base_MspInit
                0x00000000080021e2       0x14 ./Drivers/STM32F4xx_HAL_Driver/Src/stm32f4xx_hal_tim.o
                0x00000000080021e2                HAL_TIM_Base_MspInit
 *fill*         0x00000000080021f6        0x2 
 .text.HAL_TIM_Base_Start_IT
                0x00000000080021f8       0xe0 ./Drivers/STM32F4xx_HAL_Driver/Src/stm32f4xx_hal_tim.o
                0x00000000080021f8                HAL_TIM_Base_Start_IT
 .text.HAL_TIM_IRQHandler
                0x00000000080022d8      0x210 ./Drivers/STM32F4xx_HAL_Driver/Src/stm32f4xx_hal_tim.o
                0x00000000080022d8                HAL_TIM_IRQHandler
 .text.HAL_TIM_OC_DelayElapsedCallback
                0x00000000080024e8       0x14 ./Drivers/STM32F4xx_HAL_Driver/Src/stm32f4xx_hal_tim.o
                0x00000000080024e8                HAL_TIM_OC_DelayElapsedCallback
 .text.HAL_TIM_IC_CaptureCallback
                0x00000000080024fc       0x14 ./Drivers/STM32F4xx_HAL_Driver/Src/stm32f4xx_hal_tim.o
                0x00000000080024fc                HAL_TIM_IC_CaptureCallback
 .text.HAL_TIM_PWM_PulseFinishedCallback
                0x0000000008002510       0x14 ./Drivers/STM32F4xx_HAL_Driver/Src/stm32f4xx_hal_tim.o
                0x0000000008002510                HAL_TIM_PWM_PulseFinishedCallback
 .text.HAL_TIM_TriggerCallback
                0x0000000008002524       0x14 ./Drivers/STM32F4xx_HAL_Driver/Src/stm32f4xx_hal_tim.o
                0x0000000008002524                HAL_TIM_TriggerCallback
 .text.TIM_Base_SetConfig
                0x0000000008002538      0x140 ./Drivers/STM32F4xx_HAL_Driver/Src/stm32f4xx_hal_tim.o
                0x0000000008002538                TIM_Base_SetConfig
 .text.HAL_TIMEx_CommutCallback
                0x0000000008002678       0x14 ./Drivers/STM32F4xx_HAL_Driver/Src/stm32f4xx_hal_tim_ex.o
                0x0000000008002678                HAL_TIMEx_CommutCallback
 .text.HAL_TIMEx_BreakCallback
                0x000000000800268c       0x14 ./Drivers/STM32F4xx_HAL_Driver/Src/stm32f4xx_hal_tim_ex.o
                0x000000000800268c                HAL_TIMEx_BreakCallback
 .text.HAL_UART_Init
                0x00000000080026a0       0x9a ./Drivers/STM32F4xx_HAL_Driver/Src/stm32f4xx_hal_uart.o
                0x00000000080026a0                HAL_UART_Init
 .text.HAL_UART_Transmit
                0x000000000800273a      0x124 ./Drivers/STM32F4xx_HAL_Driver/Src/stm32f4xx_hal_uart.o
                0x000000000800273a                HAL_UART_Transmit
 .text.UART_WaitOnFlagUntilTimeout
                0x000000000800285e       0xdc ./Drivers/STM32F4xx_HAL_Driver/Src/stm32f4xx_hal_uart.o
 *fill*         0x000000000800293a        0x2 
 .text.UART_SetConfig
                0x000000000800293c      0x4e8 ./Drivers/STM32F4xx_HAL_Driver/Src/stm32f4xx_hal_uart.o
 .text.vListInitialise
                0x0000000008002e24       0x40 ./FreeRTOS/list.o
                0x0000000008002e24                vListInitialise
 .text.vListInitialiseItem
                0x0000000008002e64       0x1a ./FreeRTOS/list.o
                0x0000000008002e64                vListInitialiseItem
 .text.vListInsertEnd
                0x0000000008002e7e       0x48 ./FreeRTOS/list.o
                0x0000000008002e7e                vListInsertEnd
 .text.vListInsert
                0x0000000008002ec6       0x72 ./FreeRTOS/list.o
                0x0000000008002ec6                vListInsert
 .text.uxListRemove
                0x0000000008002f38       0x54 ./FreeRTOS/list.o
                0x0000000008002f38                uxListRemove
 .text.xQueueGenericReset
                0x0000000008002f8c       0xd0 ./FreeRTOS/queue.o
                0x0000000008002f8c                xQueueGenericReset
 .text.xQueueGenericCreate
                0x000000000800305c       0x78 ./FreeRTOS/queue.o
                0x000000000800305c                xQueueGenericCreate
 .text.prvInitialiseNewQueue
                0x00000000080030d4       0x46 ./FreeRTOS/queue.o
 *fill*         0x000000000800311a        0x2 
 .text.xQueueGenericSend
                0x000000000800311c      0x1fc ./FreeRTOS/queue.o
                0x000000000800311c                xQueueGenericSend
 .text.xQueueGenericSendFromISR
                0x0000000008003318      0x130 ./FreeRTOS/queue.o
                0x0000000008003318                xQueueGenericSendFromISR
 .text.xQueueGiveFromISR
                0x0000000008003448      0x11a ./FreeRTOS/queue.o
                0x0000000008003448                xQueueGiveFromISR
 *fill*         0x0000000008003562        0x2 
 .text.xQueueReceive
                0x0000000008003564      0x1c0 ./FreeRTOS/queue.o
                0x0000000008003564                xQueueReceive
 .text.xQueueSemaphoreTake
                0x0000000008003724      0x218 ./FreeRTOS/queue.o
                0x0000000008003724                xQueueSemaphoreTake
 .text.prvGetDisinheritPriorityAfterTimeout
                0x000000000800393c       0x30 ./FreeRTOS/queue.o
 .text.prvCopyDataToQueue
                0x000000000800396c       0xd4 ./FreeRTOS/queue.o
 .text.prvCopyDataFromQueue
                0x0000000008003a40       0x4c ./FreeRTOS/queue.o
 .text.prvUnlockQueue
                0x0000000008003a8c       0xa4 ./FreeRTOS/queue.o
 .text.prvIsQueueEmpty
                0x0000000008003b30       0x2c ./FreeRTOS/queue.o
 .text.prvIsQueueFull
                0x0000000008003b5c       0x30 ./FreeRTOS/queue.o
 .text.vQueueAddToRegistry
                0x0000000008003b8c       0x54 ./FreeRTOS/queue.o
                0x0000000008003b8c                vQueueAddToRegistry
 .text.vQueueWaitForMessageRestricted
                0x0000000008003be0       0x68 ./FreeRTOS/queue.o
                0x0000000008003be0                vQueueWaitForMessageRestricted
 .text.xTaskCreate
                0x0000000008003c48       0x82 ./FreeRTOS/tasks.o
                0x0000000008003c48                xTaskCreate
 .text.prvInitialiseNewTask
                0x0000000008003cca      0x11e ./FreeRTOS/tasks.o
 .text.prvAddNewTaskToReadyList
                0x0000000008003de8       0xdc ./FreeRTOS/tasks.o
 .text.vTaskDelay
                0x0000000008003ec4       0x68 ./FreeRTOS/tasks.o
                0x0000000008003ec4                vTaskDelay
 .text.vTaskStartScheduler
                0x0000000008003f2c       0x9c ./FreeRTOS/tasks.o
                0x0000000008003f2c                vTaskStartScheduler
 .text.vTaskSuspendAll
                0x0000000008003fc8       0x1c ./FreeRTOS/tasks.o
                0x0000000008003fc8                vTaskSuspendAll
 .text.xTaskResumeAll
                0x0000000008003fe4      0x138 ./FreeRTOS/tasks.o
                0x0000000008003fe4                xTaskResumeAll
 .text.xTaskGetTickCount
                0x000000000800411c       0x20 ./FreeRTOS/tasks.o
                0x000000000800411c                xTaskGetTickCount
 .text.xTaskIncrementTick
                0x000000000800413c      0x170 ./FreeRTOS/tasks.o
                0x000000000800413c                xTaskIncrementTick
 .text.vTaskSwitchContext
                0x00000000080042ac       0xb8 ./FreeRTOS/tasks.o
                0x00000000080042ac                vTaskSwitchContext
 .text.vTaskPlaceOnEventList
                0x0000000008004364       0x48 ./FreeRTOS/tasks.o
                0x0000000008004364                vTaskPlaceOnEventList
 .text.vTaskPlaceOnEventListRestricted
                0x00000000080043ac       0x58 ./FreeRTOS/tasks.o
                0x00000000080043ac                vTaskPlaceOnEventListRestricted
 .text.xTaskRemoveFromEventList
                0x0000000008004404       0xc4 ./FreeRTOS/tasks.o
                0x0000000008004404                xTaskRemoveFromEventList
 .text.vTaskInternalSetTimeOutState
                0x00000000080044c8       0x2c ./FreeRTOS/tasks.o
                0x00000000080044c8                vTaskInternalSetTimeOutState
 .text.xTaskCheckForTimeOut
                0x00000000080044f4       0xc4 ./FreeRTOS/tasks.o
                0x00000000080044f4                xTaskCheckForTimeOut
 .text.vTaskMissedYield
                0x00000000080045b8       0x18 ./FreeRTOS/tasks.o
                0x00000000080045b8                vTaskMissedYield
 .text.prvIdleTask
                0x00000000080045d0       0x30 ./FreeRTOS/tasks.o
 .text.prvInitialiseTaskLists
                0x0000000008004600       0x80 ./FreeRTOS/tasks.o
 .text.prvCheckTasksWaitingTermination
                0x0000000008004680       0x5c ./FreeRTOS/tasks.o
 .text.prvDeleteTCB
                0x00000000080046dc       0x20 ./FreeRTOS/tasks.o
 .text.prvResetNextTaskUnblockTime
                0x00000000080046fc       0x40 ./FreeRTOS/tasks.o
 .text.xTaskGetSchedulerState
                0x000000000800473c       0x3c ./FreeRTOS/tasks.o
                0x000000000800473c                xTaskGetSchedulerState
 .text.xTaskPriorityInherit
                0x0000000008004778      0x100 ./FreeRTOS/tasks.o
                0x0000000008004778                xTaskPriorityInherit
 .text.xTaskPriorityDisinherit
                0x0000000008004878      0x10c ./FreeRTOS/tasks.o
                0x0000000008004878                xTaskPriorityDisinherit
 .text.vTaskPriorityDisinheritAfterTimeout
                0x0000000008004984      0x134 ./FreeRTOS/tasks.o
                0x0000000008004984                vTaskPriorityDisinheritAfterTimeout
 .text.pvTaskIncrementMutexHeldCount
                0x0000000008004ab8       0x28 ./FreeRTOS/tasks.o
                0x0000000008004ab8                pvTaskIncrementMutexHeldCount
 .text.prvAddCurrentTaskToDelayedList
                0x0000000008004ae0       0xcc ./FreeRTOS/tasks.o
 .text.xTimerCreateTimerTask
                0x0000000008004bac       0x64 ./FreeRTOS/timers.o
                0x0000000008004bac                xTimerCreateTimerTask
 .text.xTimerGenericCommand
                0x0000000008004c10       0x9c ./FreeRTOS/timers.o
                0x0000000008004c10                xTimerGenericCommand
 .text.prvProcessExpiredTimer
                0x0000000008004cac       0x98 ./FreeRTOS/timers.o
 .text.prvTimerTask
                0x0000000008004d44       0x24 ./FreeRTOS/timers.o
 .text.prvProcessTimerOrBlockTask
                0x0000000008004d68       0x9c ./FreeRTOS/timers.o
 .text.prvGetNextExpireTime
                0x0000000008004e04       0x48 ./FreeRTOS/timers.o
 .text.prvSampleTimeNow
                0x0000000008004e4c       0x40 ./FreeRTOS/timers.o
 .text.prvInsertTimerInActiveList
                0x0000000008004e8c       0x84 ./FreeRTOS/timers.o
 .text.prvProcessReceivedCommands
                0x0000000008004f10      0x18c ./FreeRTOS/timers.o
 .text.prvSwitchTimerLists
                0x000000000800509c       0xc8 ./FreeRTOS/timers.o
 .text.prvCheckForValidListAndQueue
                0x0000000008005164       0x6c ./FreeRTOS/timers.o
 .text.pxPortInitialiseStack
                0x00000000080051d0       0x68 ./FreeRTOS/portable/ARM_CM4F/port.o
                0x00000000080051d0                pxPortInitialiseStack
 .text.prvTaskExitError
                0x0000000008005238       0x58 ./FreeRTOS/portable/ARM_CM4F/port.o
 .text.SVC_Handler
                0x0000000008005290       0x28 ./FreeRTOS/portable/ARM_CM4F/port.o
                0x0000000008005290                SVC_Handler
 .text.prvPortStartFirstTask
                0x00000000080052b8       0x28 ./FreeRTOS/portable/ARM_CM4F/port.o
 .text.xPortStartScheduler
                0x00000000080052e0      0x144 ./FreeRTOS/portable/ARM_CM4F/port.o
                0x00000000080052e0                xPortStartScheduler
 .text.vPortEnterCritical
                0x0000000008005424       0x60 ./FreeRTOS/portable/ARM_CM4F/port.o
                0x0000000008005424                vPortEnterCritical
 .text.vPortExitCritical
                0x0000000008005484       0x54 ./FreeRTOS/portable/ARM_CM4F/port.o
                0x0000000008005484                vPortExitCritical
 *fill*         0x00000000080054d8        0x8 
 .text.PendSV_Handler
                0x00000000080054e0       0x68 ./FreeRTOS/portable/ARM_CM4F/port.o
                0x00000000080054e0                PendSV_Handler
 .text.SysTick_Handler
                0x0000000008005548       0x44 ./FreeRTOS/portable/ARM_CM4F/port.o
                0x0000000008005548                SysTick_Handler
 .text.vPortSetupTimerInterrupt
                0x000000000800558c       0x48 ./FreeRTOS/portable/ARM_CM4F/port.o
                0x000000000800558c                vPortSetupTimerInterrupt
 .text.vPortEnableVFP
                0x00000000080055d4       0x14 ./FreeRTOS/portable/ARM_CM4F/port.o
 .text.vPortValidateInterruptPriority
                0x00000000080055e8       0x80 ./FreeRTOS/portable/ARM_CM4F/port.o
                0x00000000080055e8                vPortValidateInterruptPriority
 .text.pvPortMalloc
                0x0000000008005668      0x188 ./FreeRTOS/portable/MemMang/heap_4.o
                0x0000000008005668                pvPortMalloc
 .text.vPortFree
                0x00000000080057f0       0xb4 ./FreeRTOS/portable/MemMang/heap_4.o
                0x00000000080057f0                vPortFree
 .text.prvHeapInit
                0x00000000080058a4       0xc4 ./FreeRTOS/portable/MemMang/heap_4.o
 .text.prvInsertBlockIntoFreeList
                0x0000000008005968       0xb4 ./FreeRTOS/portable/MemMang/heap_4.o
 .text.__errno  0x0000000008005a1c        0xc c:/st/stm32cubeide_1.11.0/stm32cubeide/plugins/com.st.stm32cube.ide.mcu.externaltools.gnu-tools-for-stm32.10.3-2021.10.win32_1.0.100.202210260954/tools/bin/../lib/gcc/arm-none-eabi/10.3.1/../../../../arm-none-eabi/lib/thumb/v7e-m+fp/hard\libc_nano.a(lib_a-errno.o)
                0x0000000008005a1c                __errno
 .text.__libc_init_array
                0x0000000008005a28       0x48 c:/st/stm32cubeide_1.11.0/stm32cubeide/plugins/com.st.stm32cube.ide.mcu.externaltools.gnu-tools-for-stm32.10.3-2021.10.win32_1.0.100.202210260954/tools/bin/../lib/gcc/arm-none-eabi/10.3.1/../../../../arm-none-eabi/lib/thumb/v7e-m+fp/hard\libc_nano.a(lib_a-init.o)
                0x0000000008005a28                __libc_init_array
 .text.memcpy   0x0000000008005a70       0x1c c:/st/stm32cubeide_1.11.0/stm32cubeide/plugins/com.st.stm32cube.ide.mcu.externaltools.gnu-tools-for-stm32.10.3-2021.10.win32_1.0.100.202210260954/tools/bin/../lib/gcc/arm-none-eabi/10.3.1/../../../../arm-none-eabi/lib/thumb/v7e-m+fp/hard\libc_nano.a(lib_a-memcpy-stub.o)
                0x0000000008005a70                memcpy
 .text.memset   0x0000000008005a8c       0x10 c:/st/stm32cubeide_1.11.0/stm32cubeide/plugins/com.st.stm32cube.ide.mcu.externaltools.gnu-tools-for-stm32.10.3-2021.10.win32_1.0.100.202210260954/tools/bin/../lib/gcc/arm-none-eabi/10.3.1/../../../../arm-none-eabi/lib/thumb/v7e-m+fp/hard\libc_nano.a(lib_a-memset.o)
                0x0000000008005a8c                memset
 .text.sprintf  0x0000000008005a9c       0x40 c:/st/stm32cubeide_1.11.0/stm32cubeide/plugins/com.st.stm32cube.ide.mcu.externaltools.gnu-tools-for-stm32.10.3-2021.10.win32_1.0.100.202210260954/tools/bin/../lib/gcc/arm-none-eabi/10.3.1/../../../../arm-none-eabi/lib/thumb/v7e-m+fp/hard\libc_nano.a(lib_a-sprintf.o)
                0x0000000008005a9c                siprintf
                0x0000000008005a9c                sprintf
 .text.__ssputs_r
                0x0000000008005adc       0xb6 c:/st/stm32cubeide_1.11.0/stm32cubeide/plugins/com.st.stm32cube.ide.mcu.externaltools.gnu-tools-for-stm32.10.3-2021.10.win32_1.0.100.202210260954/tools/bin/../lib/gcc/arm-none-eabi/10.3.1/../../../../arm-none-eabi/lib/thumb/v7e-m+fp/hard\libc_nano.a(lib_a-nano-svfprintf.o)
                0x0000000008005adc                __ssputs_r
 *fill*         0x0000000008005b92        0x2 
 .text._svfprintf_r
                0x0000000008005b94      0x200 c:/st/stm32cubeide_1.11.0/stm32cubeide/plugins/com.st.stm32cube.ide.mcu.externaltools.gnu-tools-for-stm32.10.3-2021.10.win32_1.0.100.202210260954/tools/bin/../lib/gcc/arm-none-eabi/10.3.1/../../../../arm-none-eabi/lib/thumb/v7e-m+fp/hard\libc_nano.a(lib_a-nano-svfprintf.o)
                0x0000000008005b94                _svfiprintf_r
                0x0000000008005b94                _svfprintf_r
 .text._printf_common
                0x0000000008005d94       0xda c:/st/stm32cubeide_1.11.0/stm32cubeide/plugins/com.st.stm32cube.ide.mcu.externaltools.gnu-tools-for-stm32.10.3-2021.10.win32_1.0.100.202210260954/tools/bin/../lib/gcc/arm-none-eabi/10.3.1/../../../../arm-none-eabi/lib/thumb/v7e-m+fp/hard\libc_nano.a(lib_a-nano-vfprintf_i.o)
                0x0000000008005d94                _printf_common
 *fill*         0x0000000008005e6e        0x2 
 .text._printf_i
                0x0000000008005e70      0x24c c:/st/stm32cubeide_1.11.0/stm32cubeide/plugins/com.st.stm32cube.ide.mcu.externaltools.gnu-tools-for-stm32.10.3-2021.10.win32_1.0.100.202210260954/tools/bin/../lib/gcc/arm-none-eabi/10.3.1/../../../../arm-none-eabi/lib/thumb/v7e-m+fp/hard\libc_nano.a(lib_a-nano-vfprintf_i.o)
                0x0000000008005e70                _printf_i
 .text.memmove  0x00000000080060bc       0x34 c:/st/stm32cubeide_1.11.0/stm32cubeide/plugins/com.st.stm32cube.ide.mcu.externaltools.gnu-tools-for-stm32.10.3-2021.10.win32_1.0.100.202210260954/tools/bin/../lib/gcc/arm-none-eabi/10.3.1/../../../../arm-none-eabi/lib/thumb/v7e-m+fp/hard\libc_nano.a(lib_a-memmove.o)
                0x00000000080060bc                memmove
 .text._free_r  0x00000000080060f0       0x98 c:/st/stm32cubeide_1.11.0/stm32cubeide/plugins/com.st.stm32cube.ide.mcu.externaltools.gnu-tools-for-stm32.10.3-2021.10.win32_1.0.100.202210260954/tools/bin/../lib/gcc/arm-none-eabi/10.3.1/../../../../arm-none-eabi/lib/thumb/v7e-m+fp/hard\libc_nano.a(lib_a-nano-freer.o)
                0x00000000080060f0                _free_r
 .text.sbrk_aligned
                0x0000000008006188       0x40 c:/st/stm32cubeide_1.11.0/stm32cubeide/plugins/com.st.stm32cube.ide.mcu.externaltools.gnu-tools-for-stm32.10.3-2021.10.win32_1.0.100.202210260954/tools/bin/../lib/gcc/arm-none-eabi/10.3.1/../../../../arm-none-eabi/lib/thumb/v7e-m+fp/hard\libc_nano.a(lib_a-nano-mallocr.o)
 .text._malloc_r
                0x00000000080061c8       0xe8 c:/st/stm32cubeide_1.11.0/stm32cubeide/plugins/com.st.stm32cube.ide.mcu.externaltools.gnu-tools-for-stm32.10.3-2021.10.win32_1.0.100.202210260954/tools/bin/../lib/gcc/arm-none-eabi/10.3.1/../../../../arm-none-eabi/lib/thumb/v7e-m+fp/hard\libc_nano.a(lib_a-nano-mallocr.o)
                0x00000000080061c8                _malloc_r
 .text._realloc_r
                0x00000000080062b0       0x5e c:/st/stm32cubeide_1.11.0/stm32cubeide/plugins/com.st.stm32cube.ide.mcu.externaltools.gnu-tools-for-stm32.10.3-2021.10.win32_1.0.100.202210260954/tools/bin/../lib/gcc/arm-none-eabi/10.3.1/../../../../arm-none-eabi/lib/thumb/v7e-m+fp/hard\libc_nano.a(lib_a-nano-reallocr.o)
                0x00000000080062b0                _realloc_r
 *fill*         0x000000000800630e        0x2 
 .text._sbrk_r  0x0000000008006310       0x20 c:/st/stm32cubeide_1.11.0/stm32cubeide/plugins/com.st.stm32cube.ide.mcu.externaltools.gnu-tools-for-stm32.10.3-2021.10.win32_1.0.100.202210260954/tools/bin/../lib/gcc/arm-none-eabi/10.3.1/../../../../arm-none-eabi/lib/thumb/v7e-m+fp/hard\libc_nano.a(lib_a-sbrkr.o)
                0x0000000008006310                _sbrk_r
 .text.__malloc_lock
                0x0000000008006330        0xc c:/st/stm32cubeide_1.11.0/stm32cubeide/plugins/com.st.stm32cube.ide.mcu.externaltools.gnu-tools-for-stm32.10.3-2021.10.win32_1.0.100.202210260954/tools/bin/../lib/gcc/arm-none-eabi/10.3.1/../../../../arm-none-eabi/lib/thumb/v7e-m+fp/hard\libc_nano.a(lib_a-mlock.o)
                0x0000000008006330                __malloc_lock
 .text.__malloc_unlock
                0x000000000800633c        0xc c:/st/stm32cubeide_1.11.0/stm32cubeide/plugins/com.st.stm32cube.ide.mcu.externaltools.gnu-tools-for-stm32.10.3-2021.10.win32_1.0.100.202210260954/tools/bin/../lib/gcc/arm-none-eabi/10.3.1/../../../../arm-none-eabi/lib/thumb/v7e-m+fp/hard\libc_nano.a(lib_a-mlock.o)
                0x000000000800633c                __malloc_unlock
 .text._malloc_usable_size_r
                0x0000000008006348       0x10 c:/st/stm32cubeide_1.11.0/stm32cubeide/plugins/com.st.stm32cube.ide.mcu.externaltools.gnu-tools-for-stm32.10.3-2021.10.win32_1.0.100.202210260954/tools/bin/../lib/gcc/arm-none-eabi/10.3.1/../../../../arm-none-eabi/lib/thumb/v7e-m+fp/hard\libc_nano.a(lib_a-nano-msizer.o)
                0x0000000008006348                _malloc_usable_size_r
 .text.__retarget_lock_acquire_recursive
                0x0000000008006358        0x2 c:/st/stm32cubeide_1.11.0/stm32cubeide/plugins/com.st.stm32cube.ide.mcu.externaltools.gnu-tools-for-stm32.10.3-2021.10.win32_1.0.100.202210260954/tools/bin/../lib/gcc/arm-none-eabi/10.3.1/../../../../arm-none-eabi/lib/thumb/v7e-m+fp/hard\libc_nano.a(lib_a-lock.o)
                0x0000000008006358                __retarget_lock_acquire_recursive
 .text.__retarget_lock_release_recursive
                0x000000000800635a        0x2 c:/st/stm32cubeide_1.11.0/stm32cubeide/plugins/com.st.stm32cube.ide.mcu.externaltools.gnu-tools-for-stm32.10.3-2021.10.win32_1.0.100.202210260954/tools/bin/../lib/gcc/arm-none-eabi/10.3.1/../../../../arm-none-eabi/lib/thumb/v7e-m+fp/hard\libc_nano.a(lib_a-lock.o)
                0x000000000800635a                __retarget_lock_release_recursive
 *(.glue_7)
 .glue_7        0x000000000800635c        0x0 linker stubs
 *(.glue_7t)
 .glue_7t       0x000000000800635c        0x0 linker stubs
 *(.eh_frame)
 .eh_frame      0x000000000800635c        0x0 c:/st/stm32cubeide_1.11.0/stm32cubeide/plugins/com.st.stm32cube.ide.mcu.externaltools.gnu-tools-for-stm32.10.3-2021.10.win32_1.0.100.202210260954/tools/bin/../lib/gcc/arm-none-eabi/10.3.1/thumb/v7e-m+fp/hard/crtbegin.o
 *(.init)
 .init          0x000000000800635c        0x4 c:/st/stm32cubeide_1.11.0/stm32cubeide/plugins/com.st.stm32cube.ide.mcu.externaltools.gnu-tools-for-stm32.10.3-2021.10.win32_1.0.100.202210260954/tools/bin/../lib/gcc/arm-none-eabi/10.3.1/thumb/v7e-m+fp/hard/crti.o
                0x000000000800635c                _init
 .init          0x0000000008006360        0x8 c:/st/stm32cubeide_1.11.0/stm32cubeide/plugins/com.st.stm32cube.ide.mcu.externaltools.gnu-tools-for-stm32.10.3-2021.10.win32_1.0.100.202210260954/tools/bin/../lib/gcc/arm-none-eabi/10.3.1/thumb/v7e-m+fp/hard/crtn.o
 *(.fini)
 .fini          0x0000000008006368        0x4 c:/st/stm32cubeide_1.11.0/stm32cubeide/plugins/com.st.stm32cube.ide.mcu.externaltools.gnu-tools-for-stm32.10.3-2021.10.win32_1.0.100.202210260954/tools/bin/../lib/gcc/arm-none-eabi/10.3.1/thumb/v7e-m+fp/hard/crti.o
                0x0000000008006368                _fini
 .fini          0x000000000800636c        0x8 c:/st/stm32cubeide_1.11.0/stm32cubeide/plugins/com.st.stm32cube.ide.mcu.externaltools.gnu-tools-for-stm32.10.3-2021.10.win32_1.0.100.202210260954/tools/bin/../lib/gcc/arm-none-eabi/10.3.1/thumb/v7e-m+fp/hard/crtn.o
                0x0000000008006374                . = ALIGN (0x4)
                0x0000000008006374                _etext = .

.vfp11_veneer   0x0000000008006374        0x0
 .vfp11_veneer  0x0000000008006374        0x0 linker stubs

.v4_bx          0x0000000008006374        0x0
 .v4_bx         0x0000000008006374        0x0 linker stubs

.iplt           0x0000000008006374        0x0
 .iplt          0x0000000008006374        0x0 c:/st/stm32cubeide_1.11.0/stm32cubeide/plugins/com.st.stm32cube.ide.mcu.externaltools.gnu-tools-for-stm32.10.3-2021.10.win32_1.0.100.202210260954/tools/bin/../lib/gcc/arm-none-eabi/10.3.1/thumb/v7e-m+fp/hard/crtbegin.o

.rodata         0x0000000008006374      0x134
                0x0000000008006374                . = ALIGN (0x4)
 *(.rodata)
 .rodata        0x0000000008006374       0xcf ./Core/Src/main.o
 *fill*         0x0000000008006443        0x1 
 .rodata        0x0000000008006444        0x5 ./FreeRTOS/tasks.o
 *fill*         0x0000000008006449        0x3 
 .rodata        0x000000000800644c        0xd ./FreeRTOS/timers.o
 *(.rodata*)
 *fill*         0x0000000008006459        0x3 
 .rodata.AHBPrescTable
                0x000000000800645c       0x10 ./Core/Src/system_stm32f4xx.o
                0x000000000800645c                AHBPrescTable
 .rodata.APBPrescTable
                0x000000000800646c        0x8 ./Core/Src/system_stm32f4xx.o
                0x000000000800646c                APBPrescTable
 .rodata._svfprintf_r.str1.1
                0x0000000008006474       0x11 c:/st/stm32cubeide_1.11.0/stm32cubeide/plugins/com.st.stm32cube.ide.mcu.externaltools.gnu-tools-for-stm32.10.3-2021.10.win32_1.0.100.202210260954/tools/bin/../lib/gcc/arm-none-eabi/10.3.1/../../../../arm-none-eabi/lib/thumb/v7e-m+fp/hard\libc_nano.a(lib_a-nano-svfprintf.o)
 .rodata._printf_i.str1.1
                0x0000000008006485       0x22 c:/st/stm32cubeide_1.11.0/stm32cubeide/plugins/com.st.stm32cube.ide.mcu.externaltools.gnu-tools-for-stm32.10.3-2021.10.win32_1.0.100.202210260954/tools/bin/../lib/gcc/arm-none-eabi/10.3.1/../../../../arm-none-eabi/lib/thumb/v7e-m+fp/hard\libc_nano.a(lib_a-nano-vfprintf_i.o)
                0x00000000080064a8                . = ALIGN (0x4)
 *fill*         0x00000000080064a7        0x1 

.ARM.extab      0x00000000080064a8        0x0
                0x00000000080064a8                . = ALIGN (0x4)
 *(.ARM.extab* .gnu.linkonce.armextab.*)
                0x00000000080064a8                . = ALIGN (0x4)

.ARM            0x00000000080064a8        0x8
                0x00000000080064a8                . = ALIGN (0x4)
                0x00000000080064a8                __exidx_start = .
 *(.ARM.exidx*)
 .ARM.exidx     0x00000000080064a8        0x8 c:/st/stm32cubeide_1.11.0/stm32cubeide/plugins/com.st.stm32cube.ide.mcu.externaltools.gnu-tools-for-stm32.10.3-2021.10.win32_1.0.100.202210260954/tools/bin/../lib/gcc/arm-none-eabi/10.3.1/thumb/v7e-m+fp/hard\libgcc.a(_udivmoddi4.o)
                0x00000000080064b0                __exidx_end = .
                0x00000000080064b0                . = ALIGN (0x4)

.rel.dyn        0x00000000080064b0        0x0
 .rel.iplt      0x00000000080064b0        0x0 c:/st/stm32cubeide_1.11.0/stm32cubeide/plugins/com.st.stm32cube.ide.mcu.externaltools.gnu-tools-for-stm32.10.3-2021.10.win32_1.0.100.202210260954/tools/bin/../lib/gcc/arm-none-eabi/10.3.1/thumb/v7e-m+fp/hard/crtbegin.o

.preinit_array  0x00000000080064b0        0x0
                0x00000000080064b0                . = ALIGN (0x4)
                0x00000000080064b0                PROVIDE (__preinit_array_start = .)
 *(.preinit_array*)
                0x00000000080064b0                PROVIDE (__preinit_array_end = .)
                0x00000000080064b0                . = ALIGN (0x4)

.init_array     0x00000000080064b0        0x4
                0x00000000080064b0                . = ALIGN (0x4)
                0x00000000080064b0                PROVIDE (__init_array_start = .)
 *(SORT_BY_NAME(.init_array.*))
 *(.init_array*)
 .init_array    0x00000000080064b0        0x4 c:/st/stm32cubeide_1.11.0/stm32cubeide/plugins/com.st.stm32cube.ide.mcu.externaltools.gnu-tools-for-stm32.10.3-2021.10.win32_1.0.100.202210260954/tools/bin/../lib/gcc/arm-none-eabi/10.3.1/thumb/v7e-m+fp/hard/crtbegin.o
                0x00000000080064b4                PROVIDE (__init_array_end = .)
                0x00000000080064b4                . = ALIGN (0x4)

.fini_array     0x00000000080064b4        0x4
                0x00000000080064b4                . = ALIGN (0x4)
                [!provide]                        PROVIDE (__fini_array_start = .)
 *(SORT_BY_NAME(.fini_array.*))
 *(.fini_array*)
 .fini_array    0x00000000080064b4        0x4 c:/st/stm32cubeide_1.11.0/stm32cubeide/plugins/com.st.stm32cube.ide.mcu.externaltools.gnu-tools-for-stm32.10.3-2021.10.win32_1.0.100.202210260954/tools/bin/../lib/gcc/arm-none-eabi/10.3.1/thumb/v7e-m+fp/hard/crtbegin.o
                [!provide]                        PROVIDE (__fini_array_end = .)
                0x00000000080064b8                . = ALIGN (0x4)
                0x00000000080064b8                _sidata = LOADADDR (.data)

.data           0x0000000020000000       0x7c load address 0x00000000080064b8
                0x0000000020000000                . = ALIGN (0x4)
                0x0000000020000000                _sdata = .
 *(.data)
 *(.data*)
 .data.counter_bed
                0x0000000020000000        0x4 ./Core/Src/main.o
                0x0000000020000000                counter_bed
 .data.counter_living
                0x0000000020000004        0x4 ./Core/Src/main.o
                0x0000000020000004                counter_living
 .data.SystemCoreClock
                0x0000000020000008        0x4 ./Core/Src/system_stm32f4xx.o
                0x0000000020000008                SystemCoreClock
 .data.uwTickPrio
                0x000000002000000c        0x4 ./Drivers/STM32F4xx_HAL_Driver/Src/stm32f4xx_hal.o
                0x000000002000000c                uwTickPrio
 .data.uwTickFreq
                0x0000000020000010        0x1 ./Drivers/STM32F4xx_HAL_Driver/Src/stm32f4xx_hal.o
                0x0000000020000010                uwTickFreq
 *fill*         0x0000000020000011        0x3 
 .data.uxCriticalNesting
                0x0000000020000014        0x4 ./FreeRTOS/portable/ARM_CM4F/port.o
 .data._impure_ptr
                0x0000000020000018        0x4 c:/st/stm32cubeide_1.11.0/stm32cubeide/plugins/com.st.stm32cube.ide.mcu.externaltools.gnu-tools-for-stm32.10.3-2021.10.win32_1.0.100.202210260954/tools/bin/../lib/gcc/arm-none-eabi/10.3.1/../../../../arm-none-eabi/lib/thumb/v7e-m+fp/hard\libc_nano.a(lib_a-impure.o)
                0x0000000020000018                _impure_ptr
 .data.impure_data
                0x000000002000001c       0x60 c:/st/stm32cubeide_1.11.0/stm32cubeide/plugins/com.st.stm32cube.ide.mcu.externaltools.gnu-tools-for-stm32.10.3-2021.10.win32_1.0.100.202210260954/tools/bin/../lib/gcc/arm-none-eabi/10.3.1/../../../../arm-none-eabi/lib/thumb/v7e-m+fp/hard\libc_nano.a(lib_a-impure.o)
 *(.RamFunc)
 *(.RamFunc*)
                0x000000002000007c                . = ALIGN (0x4)
                0x000000002000007c                _edata = .
                0x0000000008006534                _siccmram = LOADADDR (.ccmram)

.igot.plt       0x000000002000007c        0x0 load address 0x0000000008006534
 .igot.plt      0x000000002000007c        0x0 c:/st/stm32cubeide_1.11.0/stm32cubeide/plugins/com.st.stm32cube.ide.mcu.externaltools.gnu-tools-for-stm32.10.3-2021.10.win32_1.0.100.202210260954/tools/bin/../lib/gcc/arm-none-eabi/10.3.1/thumb/v7e-m+fp/hard/crtbegin.o

.ccmram         0x0000000010000000        0x0 load address 0x0000000008006534
                0x0000000010000000                . = ALIGN (0x4)
                0x0000000010000000                _sccmram = .
 *(.ccmram)
 *(.ccmram*)
                0x0000000010000000                . = ALIGN (0x4)
                0x0000000010000000                _eccmram = .
                0x0000000010000000                . = ALIGN (0x4)

.bss            0x000000002000007c    0x12ea0
                0x000000002000007c                _sbss = .
                0x000000002000007c                __bss_start__ = _sbss
 *(.bss)
 .bss           0x000000002000007c       0x1c c:/st/stm32cubeide_1.11.0/stm32cubeide/plugins/com.st.stm32cube.ide.mcu.externaltools.gnu-tools-for-stm32.10.3-2021.10.win32_1.0.100.202210260954/tools/bin/../lib/gcc/arm-none-eabi/10.3.1/thumb/v7e-m+fp/hard/crtbegin.o
 *(.bss*)
 .bss.huart2    0x0000000020000098       0x44 ./Core/Src/main.o
                0x0000000020000098                huart2
 .bss.xHandle   0x00000000200000dc        0x4 ./Core/Src/main.o
                0x00000000200000dc                xHandle
 .bss.bedroom_out
                0x00000000200000e0        0x4 ./Core/Src/main.o
                0x00000000200000e0                bedroom_out
 .bss.bedroom_in
                0x00000000200000e4        0x4 ./Core/Src/main.o
                0x00000000200000e4                bedroom_in
 .bss.livingroom_out
                0x00000000200000e8        0x4 ./Core/Src/main.o
                0x00000000200000e8                livingroom_out
 .bss.livingroom_in
                0x00000000200000ec        0x4 ./Core/Src/main.o
                0x00000000200000ec                livingroom_in
 .bss.number_of_people_livingroom
                0x00000000200000f0        0x4 ./Core/Src/main.o
                0x00000000200000f0                number_of_people_livingroom
 .bss.number_of_people_bedroom
                0x00000000200000f4        0x4 ./Core/Src/main.o
                0x00000000200000f4                number_of_people_bedroom
 .bss.bedroom_state
                0x00000000200000f8       0x10 ./Core/Src/main.o
                0x00000000200000f8                bedroom_state
 .bss.livingroom_state
                0x0000000020000108       0x10 ./Core/Src/main.o
                0x0000000020000108                livingroom_state
 .bss.xSemaphore
                0x0000000020000118        0x4 ./Core/Src/main.o
                0x0000000020000118                xSemaphore
 .bss.htim7     0x000000002000011c       0x48 ./Core/Src/stm32f4xx_hal_timebase_tim.o
                0x000000002000011c                htim7
 .bss.__sbrk_heap_end
                0x0000000020000164        0x4 ./Core/Src/sysmem.o
 .bss.uwTick    0x0000000020000168        0x4 ./Drivers/STM32F4xx_HAL_Driver/Src/stm32f4xx_hal.o
                0x0000000020000168                uwTick
 .bss.xQueueRegistry
                0x000000002000016c       0x40 ./FreeRTOS/queue.o
                0x000000002000016c                xQueueRegistry
 .bss.pxCurrentTCB
                0x00000000200001ac        0x4 ./FreeRTOS/tasks.o
                0x00000000200001ac                pxCurrentTCB
 .bss.pxReadyTasksLists
                0x00000000200001b0       0x64 ./FreeRTOS/tasks.o
 .bss.xDelayedTaskList1
                0x0000000020000214       0x14 ./FreeRTOS/tasks.o
 .bss.xDelayedTaskList2
                0x0000000020000228       0x14 ./FreeRTOS/tasks.o
 .bss.pxDelayedTaskList
                0x000000002000023c        0x4 ./FreeRTOS/tasks.o
 .bss.pxOverflowDelayedTaskList
                0x0000000020000240        0x4 ./FreeRTOS/tasks.o
 .bss.xPendingReadyList
                0x0000000020000244       0x14 ./FreeRTOS/tasks.o
 .bss.xTasksWaitingTermination
                0x0000000020000258       0x14 ./FreeRTOS/tasks.o
 .bss.uxDeletedTasksWaitingCleanUp
                0x000000002000026c        0x4 ./FreeRTOS/tasks.o
 .bss.xSuspendedTaskList
                0x0000000020000270       0x14 ./FreeRTOS/tasks.o
 .bss.uxCurrentNumberOfTasks
                0x0000000020000284        0x4 ./FreeRTOS/tasks.o
 .bss.xTickCount
                0x0000000020000288        0x4 ./FreeRTOS/tasks.o
 .bss.uxTopReadyPriority
                0x000000002000028c        0x4 ./FreeRTOS/tasks.o
 .bss.xSchedulerRunning
                0x0000000020000290        0x4 ./FreeRTOS/tasks.o
 .bss.uxPendedTicks
                0x0000000020000294        0x4 ./FreeRTOS/tasks.o
 .bss.xYieldPending
                0x0000000020000298        0x4 ./FreeRTOS/tasks.o
 .bss.xNumOfOverflows
                0x000000002000029c        0x4 ./FreeRTOS/tasks.o
 .bss.uxTaskNumber
                0x00000000200002a0        0x4 ./FreeRTOS/tasks.o
 .bss.xNextTaskUnblockTime
                0x00000000200002a4        0x4 ./FreeRTOS/tasks.o
 .bss.xIdleTaskHandle
                0x00000000200002a8        0x4 ./FreeRTOS/tasks.o
 .bss.uxSchedulerSuspended
                0x00000000200002ac        0x4 ./FreeRTOS/tasks.o
 .bss.xActiveTimerList1
                0x00000000200002b0       0x14 ./FreeRTOS/timers.o
 .bss.xActiveTimerList2
                0x00000000200002c4       0x14 ./FreeRTOS/timers.o
 .bss.pxCurrentTimerList
                0x00000000200002d8        0x4 ./FreeRTOS/timers.o
 .bss.pxOverflowTimerList
                0x00000000200002dc        0x4 ./FreeRTOS/timers.o
 .bss.xTimerQueue
                0x00000000200002e0        0x4 ./FreeRTOS/timers.o
 .bss.xTimerTaskHandle
                0x00000000200002e4        0x4 ./FreeRTOS/timers.o
 .bss.xLastTime.0
                0x00000000200002e8        0x4 ./FreeRTOS/timers.o
 .bss.ucMaxSysCallPriority
                0x00000000200002ec        0x1 ./FreeRTOS/portable/ARM_CM4F/port.o
 *fill*         0x00000000200002ed        0x3 
 .bss.ulMaxPRIGROUPValue
                0x00000000200002f0        0x4 ./FreeRTOS/portable/ARM_CM4F/port.o
 .bss.ucHeap    0x00000000200002f4    0x12c00 ./FreeRTOS/portable/MemMang/heap_4.o
 .bss.xStart    0x0000000020012ef4        0x8 ./FreeRTOS/portable/MemMang/heap_4.o
 .bss.pxEnd     0x0000000020012efc        0x4 ./FreeRTOS/portable/MemMang/heap_4.o
 .bss.xFreeBytesRemaining
                0x0000000020012f00        0x4 ./FreeRTOS/portable/MemMang/heap_4.o
 .bss.xMinimumEverFreeBytesRemaining
                0x0000000020012f04        0x4 ./FreeRTOS/portable/MemMang/heap_4.o
 .bss.xBlockAllocatedBit
                0x0000000020012f08        0x4 ./FreeRTOS/portable/MemMang/heap_4.o
 .bss.__malloc_free_list
                0x0000000020012f0c        0x4 c:/st/stm32cubeide_1.11.0/stm32cubeide/plugins/com.st.stm32cube.ide.mcu.externaltools.gnu-tools-for-stm32.10.3-2021.10.win32_1.0.100.202210260954/tools/bin/../lib/gcc/arm-none-eabi/10.3.1/../../../../arm-none-eabi/lib/thumb/v7e-m+fp/hard\libc_nano.a(lib_a-nano-mallocr.o)
                0x0000000020012f0c                __malloc_free_list
 .bss.__malloc_sbrk_start
                0x0000000020012f10        0x4 c:/st/stm32cubeide_1.11.0/stm32cubeide/plugins/com.st.stm32cube.ide.mcu.externaltools.gnu-tools-for-stm32.10.3-2021.10.win32_1.0.100.202210260954/tools/bin/../lib/gcc/arm-none-eabi/10.3.1/../../../../arm-none-eabi/lib/thumb/v7e-m+fp/hard\libc_nano.a(lib_a-nano-mallocr.o)
                0x0000000020012f10                __malloc_sbrk_start
 .bss.errno     0x0000000020012f14        0x4 c:/st/stm32cubeide_1.11.0/stm32cubeide/plugins/com.st.stm32cube.ide.mcu.externaltools.gnu-tools-for-stm32.10.3-2021.10.win32_1.0.100.202210260954/tools/bin/../lib/gcc/arm-none-eabi/10.3.1/../../../../arm-none-eabi/lib/thumb/v7e-m+fp/hard\libc_nano.a(lib_a-reent.o)
                0x0000000020012f14                errno
 .bss.__lock___malloc_recursive_mutex
                0x0000000020012f18        0x1 c:/st/stm32cubeide_1.11.0/stm32cubeide/plugins/com.st.stm32cube.ide.mcu.externaltools.gnu-tools-for-stm32.10.3-2021.10.win32_1.0.100.202210260954/tools/bin/../lib/gcc/arm-none-eabi/10.3.1/../../../../arm-none-eabi/lib/thumb/v7e-m+fp/hard\libc_nano.a(lib_a-lock.o)
                0x0000000020012f18                __lock___malloc_recursive_mutex
 *(COMMON)
                0x0000000020012f1c                . = ALIGN (0x4)
 *fill*         0x0000000020012f19        0x3 
                0x0000000020012f1c                _ebss = .
                0x0000000020012f1c                __bss_end__ = _ebss

._user_heap_stack
                0x0000000020012f1c      0x604
                0x0000000020012f20                . = ALIGN (0x8)
 *fill*         0x0000000020012f1c        0x4 
                [!provide]                        PROVIDE (end = .)
                0x0000000020012f20                PROVIDE (_end = .)
                0x0000000020013120                . = (. + _Min_Heap_Size)
 *fill*         0x0000000020012f20      0x200 
                0x0000000020013520                . = (. + _Min_Stack_Size)
 *fill*         0x0000000020013120      0x400 
                0x0000000020013520                . = ALIGN (0x8)

/DISCARD/
 libc.a(*)
 libm.a(*)
 libgcc.a(*)

.ARM.attributes
                0x0000000000000000       0x30
 *(.ARM.attributes)
 .ARM.attributes
                0x0000000000000000       0x1e c:/st/stm32cubeide_1.11.0/stm32cubeide/plugins/com.st.stm32cube.ide.mcu.externaltools.gnu-tools-for-stm32.10.3-2021.10.win32_1.0.100.202210260954/tools/bin/../lib/gcc/arm-none-eabi/10.3.1/thumb/v7e-m+fp/hard/crti.o
 .ARM.attributes
                0x000000000000001e       0x34 c:/st/stm32cubeide_1.11.0/stm32cubeide/plugins/com.st.stm32cube.ide.mcu.externaltools.gnu-tools-for-stm32.10.3-2021.10.win32_1.0.100.202210260954/tools/bin/../lib/gcc/arm-none-eabi/10.3.1/thumb/v7e-m+fp/hard/crtbegin.o
 .ARM.attributes
                0x0000000000000052       0x34 ./Core/Src/main.o
 .ARM.attributes
                0x0000000000000086       0x34 ./Core/Src/stm32f4xx_hal_msp.o
 .ARM.attributes
                0x00000000000000ba       0x34 ./Core/Src/stm32f4xx_hal_timebase_tim.o
 .ARM.attributes
                0x00000000000000ee       0x34 ./Core/Src/stm32f4xx_it.o
 .ARM.attributes
                0x0000000000000122       0x34 ./Core/Src/sysmem.o
 .ARM.attributes
                0x0000000000000156       0x34 ./Core/Src/system_stm32f4xx.o
 .ARM.attributes
                0x000000000000018a       0x21 ./Core/Startup/startup_stm32f407vgtx.o
 .ARM.attributes
                0x00000000000001ab       0x34 ./Drivers/STM32F4xx_HAL_Driver/Src/stm32f4xx_hal.o
 .ARM.attributes
                0x00000000000001df       0x34 ./Drivers/STM32F4xx_HAL_Driver/Src/stm32f4xx_hal_cortex.o
 .ARM.attributes
                0x0000000000000213       0x34 ./Drivers/STM32F4xx_HAL_Driver/Src/stm32f4xx_hal_gpio.o
 .ARM.attributes
                0x0000000000000247       0x34 ./Drivers/STM32F4xx_HAL_Driver/Src/stm32f4xx_hal_rcc.o
 .ARM.attributes
                0x000000000000027b       0x34 ./Drivers/STM32F4xx_HAL_Driver/Src/stm32f4xx_hal_tim.o
 .ARM.attributes
                0x00000000000002af       0x34 ./Drivers/STM32F4xx_HAL_Driver/Src/stm32f4xx_hal_tim_ex.o
 .ARM.attributes
                0x00000000000002e3       0x34 ./Drivers/STM32F4xx_HAL_Driver/Src/stm32f4xx_hal_uart.o
 .ARM.attributes
                0x0000000000000317       0x34 ./FreeRTOS/list.o
 .ARM.attributes
                0x000000000000034b       0x34 ./FreeRTOS/queue.o
 .ARM.attributes
                0x000000000000037f       0x34 ./FreeRTOS/tasks.o
 .ARM.attributes
                0x00000000000003b3       0x34 ./FreeRTOS/timers.o
 .ARM.attributes
                0x00000000000003e7       0x34 ./FreeRTOS/portable/ARM_CM4F/port.o
 .ARM.attributes
                0x000000000000041b       0x34 ./FreeRTOS/portable/MemMang/heap_4.o
 .ARM.attributes
                0x000000000000044f       0x34 c:/st/stm32cubeide_1.11.0/stm32cubeide/plugins/com.st.stm32cube.ide.mcu.externaltools.gnu-tools-for-stm32.10.3-2021.10.win32_1.0.100.202210260954/tools/bin/../lib/gcc/arm-none-eabi/10.3.1/../../../../arm-none-eabi/lib/thumb/v7e-m+fp/hard\libc_nano.a(lib_a-errno.o)
 .ARM.attributes
                0x0000000000000483       0x34 c:/st/stm32cubeide_1.11.0/stm32cubeide/plugins/com.st.stm32cube.ide.mcu.externaltools.gnu-tools-for-stm32.10.3-2021.10.win32_1.0.100.202210260954/tools/bin/../lib/gcc/arm-none-eabi/10.3.1/../../../../arm-none-eabi/lib/thumb/v7e-m+fp/hard\libc_nano.a(lib_a-impure.o)
 .ARM.attributes
                0x00000000000004b7       0x34 c:/st/stm32cubeide_1.11.0/stm32cubeide/plugins/com.st.stm32cube.ide.mcu.externaltools.gnu-tools-for-stm32.10.3-2021.10.win32_1.0.100.202210260954/tools/bin/../lib/gcc/arm-none-eabi/10.3.1/../../../../arm-none-eabi/lib/thumb/v7e-m+fp/hard\libc_nano.a(lib_a-init.o)
 .ARM.attributes
                0x00000000000004eb       0x34 c:/st/stm32cubeide_1.11.0/stm32cubeide/plugins/com.st.stm32cube.ide.mcu.externaltools.gnu-tools-for-stm32.10.3-2021.10.win32_1.0.100.202210260954/tools/bin/../lib/gcc/arm-none-eabi/10.3.1/../../../../arm-none-eabi/lib/thumb/v7e-m+fp/hard\libc_nano.a(lib_a-memcpy-stub.o)
 .ARM.attributes
                0x000000000000051f       0x34 c:/st/stm32cubeide_1.11.0/stm32cubeide/plugins/com.st.stm32cube.ide.mcu.externaltools.gnu-tools-for-stm32.10.3-2021.10.win32_1.0.100.202210260954/tools/bin/../lib/gcc/arm-none-eabi/10.3.1/../../../../arm-none-eabi/lib/thumb/v7e-m+fp/hard\libc_nano.a(lib_a-memset.o)
 .ARM.attributes
                0x0000000000000553       0x34 c:/st/stm32cubeide_1.11.0/stm32cubeide/plugins/com.st.stm32cube.ide.mcu.externaltools.gnu-tools-for-stm32.10.3-2021.10.win32_1.0.100.202210260954/tools/bin/../lib/gcc/arm-none-eabi/10.3.1/../../../../arm-none-eabi/lib/thumb/v7e-m+fp/hard\libc_nano.a(lib_a-sprintf.o)
 .ARM.attributes
                0x0000000000000587       0x17 c:/st/stm32cubeide_1.11.0/stm32cubeide/plugins/com.st.stm32cube.ide.mcu.externaltools.gnu-tools-for-stm32.10.3-2021.10.win32_1.0.100.202210260954/tools/bin/../lib/gcc/arm-none-eabi/10.3.1/../../../../arm-none-eabi/lib/thumb/v7e-m+fp/hard\libc_nano.a(lib_a-strlen.o)
 .ARM.attributes
                0x000000000000059e       0x34 c:/st/stm32cubeide_1.11.0/stm32cubeide/plugins/com.st.stm32cube.ide.mcu.externaltools.gnu-tools-for-stm32.10.3-2021.10.win32_1.0.100.202210260954/tools/bin/../lib/gcc/arm-none-eabi/10.3.1/../../../../arm-none-eabi/lib/thumb/v7e-m+fp/hard\libc_nano.a(lib_a-nano-svfprintf.o)
 .ARM.attributes
                0x00000000000005d2       0x34 c:/st/stm32cubeide_1.11.0/stm32cubeide/plugins/com.st.stm32cube.ide.mcu.externaltools.gnu-tools-for-stm32.10.3-2021.10.win32_1.0.100.202210260954/tools/bin/../lib/gcc/arm-none-eabi/10.3.1/../../../../arm-none-eabi/lib/thumb/v7e-m+fp/hard\libc_nano.a(lib_a-nano-vfprintf_i.o)
 .ARM.attributes
                0x0000000000000606       0x1c c:/st/stm32cubeide_1.11.0/stm32cubeide/plugins/com.st.stm32cube.ide.mcu.externaltools.gnu-tools-for-stm32.10.3-2021.10.win32_1.0.100.202210260954/tools/bin/../lib/gcc/arm-none-eabi/10.3.1/../../../../arm-none-eabi/lib/thumb/v7e-m+fp/hard\libc_nano.a(lib_a-memchr.o)
 .ARM.attributes
                0x0000000000000622       0x34 c:/st/stm32cubeide_1.11.0/stm32cubeide/plugins/com.st.stm32cube.ide.mcu.externaltools.gnu-tools-for-stm32.10.3-2021.10.win32_1.0.100.202210260954/tools/bin/../lib/gcc/arm-none-eabi/10.3.1/../../../../arm-none-eabi/lib/thumb/v7e-m+fp/hard\libc_nano.a(lib_a-memmove.o)
 .ARM.attributes
                0x0000000000000656       0x34 c:/st/stm32cubeide_1.11.0/stm32cubeide/plugins/com.st.stm32cube.ide.mcu.externaltools.gnu-tools-for-stm32.10.3-2021.10.win32_1.0.100.202210260954/tools/bin/../lib/gcc/arm-none-eabi/10.3.1/../../../../arm-none-eabi/lib/thumb/v7e-m+fp/hard\libc_nano.a(lib_a-nano-freer.o)
 .ARM.attributes
                0x000000000000068a       0x34 c:/st/stm32cubeide_1.11.0/stm32cubeide/plugins/com.st.stm32cube.ide.mcu.externaltools.gnu-tools-for-stm32.10.3-2021.10.win32_1.0.100.202210260954/tools/bin/../lib/gcc/arm-none-eabi/10.3.1/../../../../arm-none-eabi/lib/thumb/v7e-m+fp/hard\libc_nano.a(lib_a-nano-mallocr.o)
 .ARM.attributes
                0x00000000000006be       0x34 c:/st/stm32cubeide_1.11.0/stm32cubeide/plugins/com.st.stm32cube.ide.mcu.externaltools.gnu-tools-for-stm32.10.3-2021.10.win32_1.0.100.202210260954/tools/bin/../lib/gcc/arm-none-eabi/10.3.1/../../../../arm-none-eabi/lib/thumb/v7e-m+fp/hard\libc_nano.a(lib_a-nano-reallocr.o)
 .ARM.attributes
                0x00000000000006f2       0x34 c:/st/stm32cubeide_1.11.0/stm32cubeide/plugins/com.st.stm32cube.ide.mcu.externaltools.gnu-tools-for-stm32.10.3-2021.10.win32_1.0.100.202210260954/tools/bin/../lib/gcc/arm-none-eabi/10.3.1/../../../../arm-none-eabi/lib/thumb/v7e-m+fp/hard\libc_nano.a(lib_a-sbrkr.o)
 .ARM.attributes
                0x0000000000000726       0x34 c:/st/stm32cubeide_1.11.0/stm32cubeide/plugins/com.st.stm32cube.ide.mcu.externaltools.gnu-tools-for-stm32.10.3-2021.10.win32_1.0.100.202210260954/tools/bin/../lib/gcc/arm-none-eabi/10.3.1/../../../../arm-none-eabi/lib/thumb/v7e-m+fp/hard\libc_nano.a(lib_a-mlock.o)
 .ARM.attributes
                0x000000000000075a       0x34 c:/st/stm32cubeide_1.11.0/stm32cubeide/plugins/com.st.stm32cube.ide.mcu.externaltools.gnu-tools-for-stm32.10.3-2021.10.win32_1.0.100.202210260954/tools/bin/../lib/gcc/arm-none-eabi/10.3.1/../../../../arm-none-eabi/lib/thumb/v7e-m+fp/hard\libc_nano.a(lib_a-nano-msizer.o)
 .ARM.attributes
                0x000000000000078e       0x34 c:/st/stm32cubeide_1.11.0/stm32cubeide/plugins/com.st.stm32cube.ide.mcu.externaltools.gnu-tools-for-stm32.10.3-2021.10.win32_1.0.100.202210260954/tools/bin/../lib/gcc/arm-none-eabi/10.3.1/../../../../arm-none-eabi/lib/thumb/v7e-m+fp/hard\libc_nano.a(lib_a-reent.o)
 .ARM.attributes
                0x00000000000007c2       0x34 c:/st/stm32cubeide_1.11.0/stm32cubeide/plugins/com.st.stm32cube.ide.mcu.externaltools.gnu-tools-for-stm32.10.3-2021.10.win32_1.0.100.202210260954/tools/bin/../lib/gcc/arm-none-eabi/10.3.1/../../../../arm-none-eabi/lib/thumb/v7e-m+fp/hard\libc_nano.a(lib_a-lock.o)
 .ARM.attributes
                0x00000000000007f6       0x1e c:/st/stm32cubeide_1.11.0/stm32cubeide/plugins/com.st.stm32cube.ide.mcu.externaltools.gnu-tools-for-stm32.10.3-2021.10.win32_1.0.100.202210260954/tools/bin/../lib/gcc/arm-none-eabi/10.3.1/thumb/v7e-m+fp/hard\libgcc.a(_aeabi_uldivmod.o)
 .ARM.attributes
                0x0000000000000814       0x34 c:/st/stm32cubeide_1.11.0/stm32cubeide/plugins/com.st.stm32cube.ide.mcu.externaltools.gnu-tools-for-stm32.10.3-2021.10.win32_1.0.100.202210260954/tools/bin/../lib/gcc/arm-none-eabi/10.3.1/thumb/v7e-m+fp/hard\libgcc.a(_udivmoddi4.o)
 .ARM.attributes
                0x0000000000000848       0x1e c:/st/stm32cubeide_1.11.0/stm32cubeide/plugins/com.st.stm32cube.ide.mcu.externaltools.gnu-tools-for-stm32.10.3-2021.10.win32_1.0.100.202210260954/tools/bin/../lib/gcc/arm-none-eabi/10.3.1/thumb/v7e-m+fp/hard\libgcc.a(_dvmd_tls.o)
 .ARM.attributes
                0x0000000000000866       0x1e c:/st/stm32cubeide_1.11.0/stm32cubeide/plugins/com.st.stm32cube.ide.mcu.externaltools.gnu-tools-for-stm32.10.3-2021.10.win32_1.0.100.202210260954/tools/bin/../lib/gcc/arm-none-eabi/10.3.1/thumb/v7e-m+fp/hard/crtn.o
OUTPUT(final_v1.elf elf32-littlearm)
LOAD linker stubs
LOAD c:/st/stm32cubeide_1.11.0/stm32cubeide/plugins/com.st.stm32cube.ide.mcu.externaltools.gnu-tools-for-stm32.10.3-2021.10.win32_1.0.100.202210260954/tools/bin/../lib/gcc/arm-none-eabi/10.3.1/../../../../arm-none-eabi/lib/thumb/v7e-m+fp/hard\libc.a
LOAD c:/st/stm32cubeide_1.11.0/stm32cubeide/plugins/com.st.stm32cube.ide.mcu.externaltools.gnu-tools-for-stm32.10.3-2021.10.win32_1.0.100.202210260954/tools/bin/../lib/gcc/arm-none-eabi/10.3.1/../../../../arm-none-eabi/lib/thumb/v7e-m+fp/hard\libm.a
LOAD c:/st/stm32cubeide_1.11.0/stm32cubeide/plugins/com.st.stm32cube.ide.mcu.externaltools.gnu-tools-for-stm32.10.3-2021.10.win32_1.0.100.202210260954/tools/bin/../lib/gcc/arm-none-eabi/10.3.1/thumb/v7e-m+fp/hard\libgcc.a

.debug_info     0x0000000000000000    0x129ca
 .debug_info    0x0000000000000000     0x18af ./Core/Src/main.o
 .debug_info    0x00000000000018af      0x96b ./Core/Src/stm32f4xx_hal_msp.o
 .debug_info    0x000000000000221a      0xc4b ./Core/Src/stm32f4xx_hal_timebase_tim.o
 .debug_info    0x0000000000002e65      0x6f9 ./Core/Src/stm32f4xx_it.o
 .debug_info    0x000000000000355e      0x171 ./Core/Src/sysmem.o
 .debug_info    0x00000000000036cf      0x523 ./Core/Src/system_stm32f4xx.o
 .debug_info    0x0000000000003bf2       0x22 ./Core/Startup/startup_stm32f407vgtx.o
 .debug_info    0x0000000000003c14      0x97c ./Drivers/STM32F4xx_HAL_Driver/Src/stm32f4xx_hal.o
 .debug_info    0x0000000000004590      0xe1b ./Drivers/STM32F4xx_HAL_Driver/Src/stm32f4xx_hal_cortex.o
 .debug_info    0x00000000000053ab      0x71a ./Drivers/STM32F4xx_HAL_Driver/Src/stm32f4xx_hal_gpio.o
 .debug_info    0x0000000000005ac5      0x966 ./Drivers/STM32F4xx_HAL_Driver/Src/stm32f4xx_hal_rcc.o
 .debug_info    0x000000000000642b     0x2bbe ./Drivers/STM32F4xx_HAL_Driver/Src/stm32f4xx_hal_tim.o
 .debug_info    0x0000000000008fe9     0x15e0 ./Drivers/STM32F4xx_HAL_Driver/Src/stm32f4xx_hal_tim_ex.o
 .debug_info    0x000000000000a5c9     0x31bc ./Drivers/STM32F4xx_HAL_Driver/Src/stm32f4xx_hal_uart.o
 .debug_info    0x000000000000d785      0x2d1 ./FreeRTOS/list.o
 .debug_info    0x000000000000da56     0x184e ./FreeRTOS/queue.o
 .debug_info    0x000000000000f2a4     0x1fbe ./FreeRTOS/tasks.o
 .debug_info    0x0000000000011262      0xe77 ./FreeRTOS/timers.o
 .debug_info    0x00000000000120d9      0x507 ./FreeRTOS/portable/ARM_CM4F/port.o
 .debug_info    0x00000000000125e0      0x3ea ./FreeRTOS/portable/MemMang/heap_4.o

.debug_abbrev   0x0000000000000000     0x2a61
 .debug_abbrev  0x0000000000000000      0x390 ./Core/Src/main.o
 .debug_abbrev  0x0000000000000390      0x19b ./Core/Src/stm32f4xx_hal_msp.o
 .debug_abbrev  0x000000000000052b      0x1e6 ./Core/Src/stm32f4xx_hal_timebase_tim.o
 .debug_abbrev  0x0000000000000711      0x171 ./Core/Src/stm32f4xx_it.o
 .debug_abbrev  0x0000000000000882       0xbb ./Core/Src/sysmem.o
 .debug_abbrev  0x000000000000093d      0x116 ./Core/Src/system_stm32f4xx.o
 .debug_abbrev  0x0000000000000a53       0x12 ./Core/Startup/startup_stm32f407vgtx.o
 .debug_abbrev  0x0000000000000a65      0x20d ./Drivers/STM32F4xx_HAL_Driver/Src/stm32f4xx_hal.o
 .debug_abbrev  0x0000000000000c72      0x316 ./Drivers/STM32F4xx_HAL_Driver/Src/stm32f4xx_hal_cortex.o
 .debug_abbrev  0x0000000000000f88      0x1a8 ./Drivers/STM32F4xx_HAL_Driver/Src/stm32f4xx_hal_gpio.o
 .debug_abbrev  0x0000000000001130      0x2aa ./Drivers/STM32F4xx_HAL_Driver/Src/stm32f4xx_hal_rcc.o
 .debug_abbrev  0x00000000000013da      0x25d ./Drivers/STM32F4xx_HAL_Driver/Src/stm32f4xx_hal_tim.o
 .debug_abbrev  0x0000000000001637      0x265 ./Drivers/STM32F4xx_HAL_Driver/Src/stm32f4xx_hal_tim_ex.o
 .debug_abbrev  0x000000000000189c      0x2f4 ./Drivers/STM32F4xx_HAL_Driver/Src/stm32f4xx_hal_uart.o
 .debug_abbrev  0x0000000000001b90       0xf2 ./FreeRTOS/list.o
 .debug_abbrev  0x0000000000001c82      0x341 ./FreeRTOS/queue.o
 .debug_abbrev  0x0000000000001fc3      0x36e ./FreeRTOS/tasks.o
 .debug_abbrev  0x0000000000002331      0x2d8 ./FreeRTOS/timers.o
 .debug_abbrev  0x0000000000002609      0x259 ./FreeRTOS/portable/ARM_CM4F/port.o
 .debug_abbrev  0x0000000000002862      0x1ff ./FreeRTOS/portable/MemMang/heap_4.o

.debug_aranges  0x0000000000000000     0x10b8
 .debug_aranges
                0x0000000000000000       0x90 ./Core/Src/main.o
 .debug_aranges
                0x0000000000000090       0x30 ./Core/Src/stm32f4xx_hal_msp.o
 .debug_aranges
                0x00000000000000c0       0x30 ./Core/Src/stm32f4xx_hal_timebase_tim.o
 .debug_aranges
                0x00000000000000f0       0x50 ./Core/Src/stm32f4xx_it.o
 .debug_aranges
                0x0000000000000140       0x20 ./Core/Src/sysmem.o
 .debug_aranges
                0x0000000000000160       0x28 ./Core/Src/system_stm32f4xx.o
 .debug_aranges
                0x0000000000000188       0x28 ./Core/Startup/startup_stm32f407vgtx.o
 .debug_aranges
                0x00000000000001b0       0xf0 ./Drivers/STM32F4xx_HAL_Driver/Src/stm32f4xx_hal.o
 .debug_aranges
                0x00000000000002a0      0x118 ./Drivers/STM32F4xx_HAL_Driver/Src/stm32f4xx_hal_cortex.o
 .debug_aranges
                0x00000000000003b8       0x48 ./Drivers/STM32F4xx_HAL_Driver/Src/stm32f4xx_hal_gpio.o
 .debug_aranges
                0x0000000000000400       0x88 ./Drivers/STM32F4xx_HAL_Driver/Src/stm32f4xx_hal_rcc.o
 .debug_aranges
                0x0000000000000488      0x3d0 ./Drivers/STM32F4xx_HAL_Driver/Src/stm32f4xx_hal_tim.o
 .debug_aranges
                0x0000000000000858      0x168 ./Drivers/STM32F4xx_HAL_Driver/Src/stm32f4xx_hal_tim_ex.o
 .debug_aranges
                0x00000000000009c0      0x200 ./Drivers/STM32F4xx_HAL_Driver/Src/stm32f4xx_hal_uart.o
 .debug_aranges
                0x0000000000000bc0       0x40 ./FreeRTOS/list.o
 .debug_aranges
                0x0000000000000c00      0x130 ./FreeRTOS/queue.o
 .debug_aranges
                0x0000000000000d30      0x1e8 ./FreeRTOS/tasks.o
 .debug_aranges
                0x0000000000000f18       0xd0 ./FreeRTOS/timers.o
 .debug_aranges
                0x0000000000000fe8       0x80 ./FreeRTOS/portable/ARM_CM4F/port.o
 .debug_aranges
                0x0000000000001068       0x50 ./FreeRTOS/portable/MemMang/heap_4.o

.debug_ranges   0x0000000000000000      0xfb0
 .debug_ranges  0x0000000000000000       0x80 ./Core/Src/main.o
 .debug_ranges  0x0000000000000080       0x20 ./Core/Src/stm32f4xx_hal_msp.o
 .debug_ranges  0x00000000000000a0       0x20 ./Core/Src/stm32f4xx_hal_timebase_tim.o
 .debug_ranges  0x00000000000000c0       0x40 ./Core/Src/stm32f4xx_it.o
 .debug_ranges  0x0000000000000100       0x10 ./Core/Src/sysmem.o
 .debug_ranges  0x0000000000000110       0x18 ./Core/Src/system_stm32f4xx.o
 .debug_ranges  0x0000000000000128       0x20 ./Core/Startup/startup_stm32f407vgtx.o
 .debug_ranges  0x0000000000000148       0xe0 ./Drivers/STM32F4xx_HAL_Driver/Src/stm32f4xx_hal.o
 .debug_ranges  0x0000000000000228      0x108 ./Drivers/STM32F4xx_HAL_Driver/Src/stm32f4xx_hal_cortex.o
 .debug_ranges  0x0000000000000330       0x38 ./Drivers/STM32F4xx_HAL_Driver/Src/stm32f4xx_hal_gpio.o
 .debug_ranges  0x0000000000000368       0x78 ./Drivers/STM32F4xx_HAL_Driver/Src/stm32f4xx_hal_rcc.o
 .debug_ranges  0x00000000000003e0      0x3c0 ./Drivers/STM32F4xx_HAL_Driver/Src/stm32f4xx_hal_tim.o
 .debug_ranges  0x00000000000007a0      0x158 ./Drivers/STM32F4xx_HAL_Driver/Src/stm32f4xx_hal_tim_ex.o
 .debug_ranges  0x00000000000008f8      0x220 ./Drivers/STM32F4xx_HAL_Driver/Src/stm32f4xx_hal_uart.o
 .debug_ranges  0x0000000000000b18       0x30 ./FreeRTOS/list.o
 .debug_ranges  0x0000000000000b48      0x120 ./FreeRTOS/queue.o
 .debug_ranges  0x0000000000000c68      0x1d8 ./FreeRTOS/tasks.o
 .debug_ranges  0x0000000000000e40       0xc0 ./FreeRTOS/timers.o
 .debug_ranges  0x0000000000000f00       0x70 ./FreeRTOS/portable/ARM_CM4F/port.o
 .debug_ranges  0x0000000000000f70       0x40 ./FreeRTOS/portable/MemMang/heap_4.o

.debug_macro    0x0000000000000000    0x21d94
 .debug_macro   0x0000000000000000      0x267 ./Core/Src/main.o
 .debug_macro   0x0000000000000267      0xa78 ./Core/Src/main.o
 .debug_macro   0x0000000000000cdf      0x29b ./Core/Src/main.o
 .debug_macro   0x0000000000000f7a       0x2e ./Core/Src/main.o
 .debug_macro   0x0000000000000fa8       0x2f ./Core/Src/main.o
 .debug_macro   0x0000000000000fd7       0x22 ./Core/Src/main.o
 .debug_macro   0x0000000000000ff9       0x8e ./Core/Src/main.o
 .debug_macro   0x0000000000001087       0x51 ./Core/Src/main.o
 .debug_macro   0x00000000000010d8      0x103 ./Core/Src/main.o
 .debug_macro   0x00000000000011db       0x6a ./Core/Src/main.o
 .debug_macro   0x0000000000001245      0x1df ./Core/Src/main.o
 .debug_macro   0x0000000000001424       0x1c ./Core/Src/main.o
 .debug_macro   0x0000000000001440       0x22 ./Core/Src/main.o
 .debug_macro   0x0000000000001462       0xd9 ./Core/Src/main.o
 .debug_macro   0x000000000000153b     0x102d ./Core/Src/main.o
 .debug_macro   0x0000000000002568      0x11f ./Core/Src/main.o
 .debug_macro   0x0000000000002687    0x15e82 ./Core/Src/main.o
 .debug_macro   0x0000000000018509       0x6d ./Core/Src/main.o
 .debug_macro   0x0000000000018576     0x367e ./Core/Src/main.o
 .debug_macro   0x000000000001bbf4      0x174 ./Core/Src/main.o
 .debug_macro   0x000000000001bd68       0x5c ./Core/Src/main.o
 .debug_macro   0x000000000001bdc4      0x96b ./Core/Src/main.o
 .debug_macro   0x000000000001c72f      0x9fe ./Core/Src/main.o
 .debug_macro   0x000000000001d12d      0x115 ./Core/Src/main.o
 .debug_macro   0x000000000001d242      0x13e ./Core/Src/main.o
 .debug_macro   0x000000000001d380       0xa5 ./Core/Src/main.o
 .debug_macro   0x000000000001d425      0x174 ./Core/Src/main.o
 .debug_macro   0x000000000001d599      0x287 ./Core/Src/main.o
 .debug_macro   0x000000000001d820       0x5f ./Core/Src/main.o
 .debug_macro   0x000000000001d87f      0x236 ./Core/Src/main.o
 .debug_macro   0x000000000001dab5      0x12c ./Core/Src/main.o
 .debug_macro   0x000000000001dbe1      0x21e ./Core/Src/main.o
 .debug_macro   0x000000000001ddff       0x2e ./Core/Src/main.o
 .debug_macro   0x000000000001de2d      0x11a ./Core/Src/main.o
 .debug_macro   0x000000000001df47       0x7e ./Core/Src/main.o
 .debug_macro   0x000000000001dfc5       0x89 ./Core/Src/main.o
 .debug_macro   0x000000000001e04e      0x8e6 ./Core/Src/main.o
 .debug_macro   0x000000000001e934       0x47 ./Core/Src/main.o
 .debug_macro   0x000000000001e97b      0x295 ./Core/Src/main.o
 .debug_macro   0x000000000001ec10      0x12d ./Core/Src/main.o
 .debug_macro   0x000000000001ed3d      0x1c6 ./Core/Src/main.o
 .debug_macro   0x000000000001ef03      0x106 ./Core/Src/main.o
 .debug_macro   0x000000000001f009      0x15a ./Core/Src/main.o
 .debug_macro   0x000000000001f163       0xe4 ./Core/Src/main.o
 .debug_macro   0x000000000001f247       0x1c ./Core/Src/main.o
 .debug_macro   0x000000000001f263       0x26 ./Core/Src/main.o
 .debug_macro   0x000000000001f289      0x4d3 ./Core/Src/main.o
 .debug_macro   0x000000000001f75c       0xb5 ./Core/Src/main.o
 .debug_macro   0x000000000001f811       0xaa ./Core/Src/main.o
 .debug_macro   0x000000000001f8bb       0x80 ./Core/Src/main.o
 .debug_macro   0x000000000001f93b       0x7e ./Core/Src/main.o
 .debug_macro   0x000000000001f9b9      0x1dd ./Core/Src/stm32f4xx_hal_msp.o
 .debug_macro   0x000000000001fb96      0x1ce ./Core/Src/stm32f4xx_hal_timebase_tim.o
 .debug_macro   0x000000000001fd64      0x1e7 ./Core/Src/stm32f4xx_it.o
 .debug_macro   0x000000000001ff4b       0xff ./Core/Src/sysmem.o
 .debug_macro   0x000000000002004a      0x23b ./Core/Src/sysmem.o
 .debug_macro   0x0000000000020285      0x1ce ./Core/Src/system_stm32f4xx.o
 .debug_macro   0x0000000000020453      0x22e ./Drivers/STM32F4xx_HAL_Driver/Src/stm32f4xx_hal.o
 .debug_macro   0x0000000000020681      0x1ce ./Drivers/STM32F4xx_HAL_Driver/Src/stm32f4xx_hal_cortex.o
 .debug_macro   0x000000000002084f      0x1d4 ./Drivers/STM32F4xx_HAL_Driver/Src/stm32f4xx_hal_gpio.o
 .debug_macro   0x0000000000020a23      0x1f2 ./Drivers/STM32F4xx_HAL_Driver/Src/stm32f4xx_hal_rcc.o
 .debug_macro   0x0000000000020c15      0x1cf ./Drivers/STM32F4xx_HAL_Driver/Src/stm32f4xx_hal_tim.o
 .debug_macro   0x0000000000020de4      0x1ce ./Drivers/STM32F4xx_HAL_Driver/Src/stm32f4xx_hal_tim_ex.o
 .debug_macro   0x0000000000020fb2      0x1cf ./Drivers/STM32F4xx_HAL_Driver/Src/stm32f4xx_hal_uart.o
 .debug_macro   0x0000000000021181      0x187 ./FreeRTOS/list.o
 .debug_macro   0x0000000000021308      0x216 ./FreeRTOS/queue.o
 .debug_macro   0x000000000002151e       0x16 ./FreeRTOS/queue.o
 .debug_macro   0x0000000000021534       0x20 ./FreeRTOS/queue.o
 .debug_macro   0x0000000000021554      0x279 ./FreeRTOS/tasks.o
 .debug_macro   0x00000000000217cd       0x10 ./FreeRTOS/tasks.o
 .debug_macro   0x00000000000217dd      0x1dc ./FreeRTOS/timers.o
 .debug_macro   0x00000000000219b9       0x97 ./FreeRTOS/timers.o
 .debug_macro   0x0000000000021a50      0x196 ./FreeRTOS/portable/ARM_CM4F/port.o
 .debug_macro   0x0000000000021be6      0x1ae ./FreeRTOS/portable/MemMang/heap_4.o

.debug_line     0x0000000000000000    0x12d0b
 .debug_line    0x0000000000000000      0xd63 ./Core/Src/main.o
 .debug_line    0x0000000000000d63      0x710 ./Core/Src/stm32f4xx_hal_msp.o
 .debug_line    0x0000000000001473      0x73d ./Core/Src/stm32f4xx_hal_timebase_tim.o
 .debug_line    0x0000000000001bb0      0x760 ./Core/Src/stm32f4xx_it.o
 .debug_line    0x0000000000002310      0x4f4 ./Core/Src/sysmem.o
 .debug_line    0x0000000000002804      0x745 ./Core/Src/system_stm32f4xx.o
 .debug_line    0x0000000000002f49       0x88 ./Core/Startup/startup_stm32f407vgtx.o
 .debug_line    0x0000000000002fd1      0x9ab ./Drivers/STM32F4xx_HAL_Driver/Src/stm32f4xx_hal.o
 .debug_line    0x000000000000397c      0xc5a ./Drivers/STM32F4xx_HAL_Driver/Src/stm32f4xx_hal_cortex.o
 .debug_line    0x00000000000045d6      0xaef ./Drivers/STM32F4xx_HAL_Driver/Src/stm32f4xx_hal_gpio.o
 .debug_line    0x00000000000050c5      0xd27 ./Drivers/STM32F4xx_HAL_Driver/Src/stm32f4xx_hal_rcc.o
 .debug_line    0x0000000000005dec     0x369f ./Drivers/STM32F4xx_HAL_Driver/Src/stm32f4xx_hal_tim.o
 .debug_line    0x000000000000948b     0x19a8 ./Drivers/STM32F4xx_HAL_Driver/Src/stm32f4xx_hal_tim_ex.o
 .debug_line    0x000000000000ae33     0x2a50 ./Drivers/STM32F4xx_HAL_Driver/Src/stm32f4xx_hal_uart.o
 .debug_line    0x000000000000d883      0x718 ./FreeRTOS/list.o
 .debug_line    0x000000000000df9b     0x1528 ./FreeRTOS/queue.o
 .debug_line    0x000000000000f4c3     0x1b3e ./FreeRTOS/tasks.o
 .debug_line    0x0000000000011001      0xc36 ./FreeRTOS/timers.o
 .debug_line    0x0000000000011c37      0x7fa ./FreeRTOS/portable/ARM_CM4F/port.o
 .debug_line    0x0000000000012431      0x8da ./FreeRTOS/portable/MemMang/heap_4.o

.debug_str      0x0000000000000000    0xd271e
 .debug_str     0x0000000000000000    0xc98bd ./Core/Src/main.o
                                      0xc9ccf (size before relaxing)
 .debug_str     0x00000000000c98bd       0x66 ./Core/Src/stm32f4xx_hal_msp.o
                                      0xc43e5 (size before relaxing)
 .debug_str     0x00000000000c9923      0x107 ./Core/Src/stm32f4xx_hal_timebase_tim.o
                                      0xc4326 (size before relaxing)
 .debug_str     0x00000000000c9a2a       0xb5 ./Core/Src/stm32f4xx_it.o
                                      0xc439b (size before relaxing)
 .debug_str     0x00000000000c9adf     0x1cf5 ./Core/Src/sysmem.o
                                       0x5dbf (size before relaxing)
 .debug_str     0x00000000000cb7d4       0xdb ./Core/Src/system_stm32f4xx.o
                                      0xc382f (size before relaxing)
 .debug_str     0x00000000000cb8af       0x36 ./Core/Startup/startup_stm32f407vgtx.o
                                         0x81 (size before relaxing)
 .debug_str     0x00000000000cb8e5      0x5d3 ./Drivers/STM32F4xx_HAL_Driver/Src/stm32f4xx_hal.o
                                      0xc43b3 (size before relaxing)
 .debug_str     0x00000000000cbeb8      0x33a ./Drivers/STM32F4xx_HAL_Driver/Src/stm32f4xx_hal_cortex.o
                                      0xc40e6 (size before relaxing)
 .debug_str     0x00000000000cc1f2       0xcb ./Drivers/STM32F4xx_HAL_Driver/Src/stm32f4xx_hal_gpio.o
                                      0xc397a (size before relaxing)
 .debug_str     0x00000000000cc2bd      0x1fd ./Drivers/STM32F4xx_HAL_Driver/Src/stm32f4xx_hal_rcc.o
                                      0xc3c63 (size before relaxing)
 .debug_str     0x00000000000cc4ba      0xe69 ./Drivers/STM32F4xx_HAL_Driver/Src/stm32f4xx_hal_tim.o
                                      0xc4ba9 (size before relaxing)
 .debug_str     0x00000000000cd323      0x503 ./Drivers/STM32F4xx_HAL_Driver/Src/stm32f4xx_hal_tim_ex.o
                                      0xc43c5 (size before relaxing)
 .debug_str     0x00000000000cd826      0x60a ./Drivers/STM32F4xx_HAL_Driver/Src/stm32f4xx_hal_uart.o
                                      0xc4202 (size before relaxing)
 .debug_str     0x00000000000cde30     0x1619 ./FreeRTOS/list.o
                                       0xa679 (size before relaxing)
 .debug_str     0x00000000000cf449      0xa9d ./FreeRTOS/queue.o
                                       0xbf42 (size before relaxing)
 .debug_str     0x00000000000cfee6     0x19d6 ./FreeRTOS/tasks.o
                                       0xcb1a (size before relaxing)
 .debug_str     0x00000000000d18bc      0x4e7 ./FreeRTOS/timers.o
                                       0xc2f3 (size before relaxing)
 .debug_str     0x00000000000d1da3      0x760 ./FreeRTOS/portable/ARM_CM4F/port.o
                                       0x85e2 (size before relaxing)
 .debug_str     0x00000000000d2503      0x21b ./FreeRTOS/portable/MemMang/heap_4.o
                                       0xae96 (size before relaxing)

.comment        0x0000000000000000       0x50
 .comment       0x0000000000000000       0x50 ./Core/Src/main.o
                                         0x51 (size before relaxing)
 .comment       0x0000000000000050       0x51 ./Core/Src/stm32f4xx_hal_msp.o
 .comment       0x0000000000000050       0x51 ./Core/Src/stm32f4xx_hal_timebase_tim.o
 .comment       0x0000000000000050       0x51 ./Core/Src/stm32f4xx_it.o
 .comment       0x0000000000000050       0x51 ./Core/Src/sysmem.o
 .comment       0x0000000000000050       0x51 ./Core/Src/system_stm32f4xx.o
 .comment       0x0000000000000050       0x51 ./Drivers/STM32F4xx_HAL_Driver/Src/stm32f4xx_hal.o
 .comment       0x0000000000000050       0x51 ./Drivers/STM32F4xx_HAL_Driver/Src/stm32f4xx_hal_cortex.o
 .comment       0x0000000000000050       0x51 ./Drivers/STM32F4xx_HAL_Driver/Src/stm32f4xx_hal_gpio.o
 .comment       0x0000000000000050       0x51 ./Drivers/STM32F4xx_HAL_Driver/Src/stm32f4xx_hal_rcc.o
 .comment       0x0000000000000050       0x51 ./Drivers/STM32F4xx_HAL_Driver/Src/stm32f4xx_hal_tim.o
 .comment       0x0000000000000050       0x51 ./Drivers/STM32F4xx_HAL_Driver/Src/stm32f4xx_hal_tim_ex.o
 .comment       0x0000000000000050       0x51 ./Drivers/STM32F4xx_HAL_Driver/Src/stm32f4xx_hal_uart.o
 .comment       0x0000000000000050       0x51 ./FreeRTOS/list.o
 .comment       0x0000000000000050       0x51 ./FreeRTOS/queue.o
 .comment       0x0000000000000050       0x51 ./FreeRTOS/tasks.o
 .comment       0x0000000000000050       0x51 ./FreeRTOS/timers.o
 .comment       0x0000000000000050       0x51 ./FreeRTOS/portable/ARM_CM4F/port.o
 .comment       0x0000000000000050       0x51 ./FreeRTOS/portable/MemMang/heap_4.o

.debug_frame    0x0000000000000000     0x4988
 .debug_frame   0x0000000000000000      0x1e8 ./Core/Src/main.o
 .debug_frame   0x00000000000001e8       0x80 ./Core/Src/stm32f4xx_hal_msp.o
 .debug_frame   0x0000000000000268       0x74 ./Core/Src/stm32f4xx_hal_timebase_tim.o
 .debug_frame   0x00000000000002dc       0xc4 ./Core/Src/stm32f4xx_it.o
 .debug_frame   0x00000000000003a0       0x34 ./Core/Src/sysmem.o
 .debug_frame   0x00000000000003d4       0x58 ./Core/Src/system_stm32f4xx.o
 .debug_frame   0x000000000000042c      0x374 ./Drivers/STM32F4xx_HAL_Driver/Src/stm32f4xx_hal.o
 .debug_frame   0x00000000000007a0      0x498 ./Drivers/STM32F4xx_HAL_Driver/Src/stm32f4xx_hal_cortex.o
 .debug_frame   0x0000000000000c38      0x100 ./Drivers/STM32F4xx_HAL_Driver/Src/stm32f4xx_hal_gpio.o
 .debug_frame   0x0000000000000d38      0x1f4 ./Drivers/STM32F4xx_HAL_Driver/Src/stm32f4xx_hal_rcc.o
 .debug_frame   0x0000000000000f2c     0x11c4 ./Drivers/STM32F4xx_HAL_Driver/Src/stm32f4xx_hal_tim.o
 .debug_frame   0x00000000000020f0      0x638 ./Drivers/STM32F4xx_HAL_Driver/Src/stm32f4xx_hal_tim_ex.o
 .debug_frame   0x0000000000002728      0x92c ./Drivers/STM32F4xx_HAL_Driver/Src/stm32f4xx_hal_uart.o
 .debug_frame   0x0000000000003054       0xd8 ./FreeRTOS/list.o
 .debug_frame   0x000000000000312c      0x530 ./FreeRTOS/queue.o
 .debug_frame   0x000000000000365c      0x854 ./FreeRTOS/tasks.o
 .debug_frame   0x0000000000003eb0      0x368 ./FreeRTOS/timers.o
 .debug_frame   0x0000000000004218      0x1a8 ./FreeRTOS/portable/ARM_CM4F/port.o
 .debug_frame   0x00000000000043c0      0x108 ./FreeRTOS/portable/MemMang/heap_4.o
 .debug_frame   0x00000000000044c8       0x20 c:/st/stm32cubeide_1.11.0/stm32cubeide/plugins/com.st.stm32cube.ide.mcu.externaltools.gnu-tools-for-stm32.10.3-2021.10.win32_1.0.100.202210260954/tools/bin/../lib/gcc/arm-none-eabi/10.3.1/../../../../arm-none-eabi/lib/thumb/v7e-m+fp/hard\libc_nano.a(lib_a-errno.o)
 .debug_frame   0x00000000000044e8       0x2c c:/st/stm32cubeide_1.11.0/stm32cubeide/plugins/com.st.stm32cube.ide.mcu.externaltools.gnu-tools-for-stm32.10.3-2021.10.win32_1.0.100.202210260954/tools/bin/../lib/gcc/arm-none-eabi/10.3.1/../../../../arm-none-eabi/lib/thumb/v7e-m+fp/hard\libc_nano.a(lib_a-init.o)
 .debug_frame   0x0000000000004514       0x28 c:/st/stm32cubeide_1.11.0/stm32cubeide/plugins/com.st.stm32cube.ide.mcu.externaltools.gnu-tools-for-stm32.10.3-2021.10.win32_1.0.100.202210260954/tools/bin/../lib/gcc/arm-none-eabi/10.3.1/../../../../arm-none-eabi/lib/thumb/v7e-m+fp/hard\libc_nano.a(lib_a-memcpy-stub.o)
 .debug_frame   0x000000000000453c       0x20 c:/st/stm32cubeide_1.11.0/stm32cubeide/plugins/com.st.stm32cube.ide.mcu.externaltools.gnu-tools-for-stm32.10.3-2021.10.win32_1.0.100.202210260954/tools/bin/../lib/gcc/arm-none-eabi/10.3.1/../../../../arm-none-eabi/lib/thumb/v7e-m+fp/hard\libc_nano.a(lib_a-memset.o)
 .debug_frame   0x000000000000455c       0x6c c:/st/stm32cubeide_1.11.0/stm32cubeide/plugins/com.st.stm32cube.ide.mcu.externaltools.gnu-tools-for-stm32.10.3-2021.10.win32_1.0.100.202210260954/tools/bin/../lib/gcc/arm-none-eabi/10.3.1/../../../../arm-none-eabi/lib/thumb/v7e-m+fp/hard\libc_nano.a(lib_a-sprintf.o)
 .debug_frame   0x00000000000045c8       0x90 c:/st/stm32cubeide_1.11.0/stm32cubeide/plugins/com.st.stm32cube.ide.mcu.externaltools.gnu-tools-for-stm32.10.3-2021.10.win32_1.0.100.202210260954/tools/bin/../lib/gcc/arm-none-eabi/10.3.1/../../../../arm-none-eabi/lib/thumb/v7e-m+fp/hard\libc_nano.a(lib_a-nano-svfprintf.o)