../Core/Src/main.c:93:6:LED_Task	8	static
../Core/Src/main.c:105:6:USART_Test	72	static
../Core/Src/main.c:132:5:main	16	static
../Core/Src/main.c:192:6:SystemClock_Config	88	static
../Core/Src/main.c:239:13:MX_USART2_UART_Init	8	static
../Core/Src/main.c:272:13:MX_GPIO_Init	56	static
../Core/Src/main.c:437:6:HAL_GPIO_EXTI_Callback	88	static
../Core/Src/main.c:464:6:Sensor_bedroom_in	40	static
../Core/Src/main.c:480:6:Sensor_bedroom_out	40	static
../Core/Src/main.c:496:6:Sensor_livingroom_in	40	static
../Core/Src/main.c:512:6:Sensor_livingroom_out	40	static
../Core/Src/main.c:532:6:LED_task	40	static
../Core/Src/main.c:638:6:HAL_TIM_PeriodElapsedCallback	16	static
../Core/Src/main.c:655:6:Error_Handler	4	static,ignoring_inline_asm
