../Core/Src/main.c:99:6:LED_Task	8	static
../Core/Src/main.c:111:6:USART_Test	72	static
../Core/Src/main.c:138:5:main	16	static
../Core/Src/main.c:198:6:SystemClock_Config	88	static
../Core/Src/main.c:245:13:MX_USART2_UART_Init	8	static
../Core/Src/main.c:278:13:MX_GPIO_Init	56	static
../Core/Src/main.c:415:6:EXTI0_IRQHandler	8	static
../Core/Src/main.c:432:6:EXTI1_IRQHandler	8	static
../Core/Src/main.c:447:6:EXTI2_IRQHandler	8	static
../Core/Src/main.c:465:6:EXTI3_IRQHandler	8	static
../Core/Src/main.c:478:6:HAL_GPIO_EXTI_IRQHandler	16	static
../Core/Src/main.c:491:6:HAL_GPIO_EXTI_Callback	56	static
../Core/Src/main.c:524:6:LED_task	80	static
../Core/Src/main.c:649:6:HAL_TIM_PeriodElapsedCallback	16	static
../Core/Src/main.c:666:6:Error_Handler	4	static,ignoring_inline_asm
